\BOOKMARK [0][-]{chapter*.4}{\376\377\000L\000I\000S\000T\000E\000\040\000D\000E\000\040\000F\000I\000G\000U\000R\000E\000S}{}% 1
\BOOKMARK [0][-]{chapter*.5}{\376\377\000L\000I\000S\000T\000E\000\040\000D\000E\000\040\000T\000A\000B\000L\000E\000S}{}% 2
\BOOKMARK [0][-]{chapter*.6}{\376\377\000I\000N\000T\000R\000O\000D\000U\000C\000T\000I\000O\000N\000\040\000G\000E\000N\000E\000R\000A\000L\000E}{}% 3
\BOOKMARK [0][-]{chapter.1}{\376\377\000P\000r\000\351\000s\000e\000n\000t\000a\000t\000i\000o\000n\000\040\000G\000\351\000n\000\351\000r\000a\000l\000e}{}% 4
\BOOKMARK [1][-]{section.1.1}{\376\377\000I\000n\000t\000r\000o\000d\000u\000c\000t\000i\000o\000n}{chapter.1}% 5
\BOOKMARK [1][-]{section.1.2}{\376\377\000P\000r\000\351\000s\000e\000n\000t\000a\000t\000i\000o\000n\000\040\000d\000e\000\040\000l\040\031\000o\000r\000g\000a\000n\000i\000s\000m\000e\000\040\000d\040\031\000a\000c\000c\000u\000e\000i\000l\000\040\000:\000\040\000S\000o\000c\000i\000\351\000t\000e\000\040\000R\000a\000y\000h\000a\000n}{chapter.1}% 6
\BOOKMARK [2][-]{subsection.1.2.1}{\376\377\000D\000e\000s\000c\000r\000i\000p\000t\000i\000o\000n\000\040\000d\000e\000\040\000l\000a\000\040\000s\000o\000c\000i\000\351\000t\000\351\000\040\000R\000a\000y\000h\000a\000n}{section.1.2}% 7
\BOOKMARK [2][-]{subsection.1.2.2}{\376\377\000O\000r\000g\000a\000n\000i\000g\000r\000a\000m\000m\000e\000\040\000R\000a\000y\000h\000a\000n}{section.1.2}% 8
\BOOKMARK [1][-]{section.1.3}{\376\377\000O\000b\000j\000e\000c\000t\000i\000f\000\040\000d\000u\000\040\000p\000r\000o\000j\000e\000t}{chapter.1}% 9
\BOOKMARK [2][-]{subsection.1.3.1}{\376\377\000O\000b\000j\000e\000c\000t\000i\000f\000s\000\040\000d\000u\000\040\000s\000y\000s\000t\000\350\000m\000e\000\040\000E\000R\000P\000\040}{section.1.3}% 10
\BOOKMARK [2][-]{subsection.1.3.2}{\376\377\000O\000b\000j\000e\000c\000t\000i\000f\000s\000\040\000F\000o\000n\000c\000t\000i\000o\000n\000n\000e\000l\000s\000\040\000\050\000C\000e\000\040\000q\000u\000e\000\040\000l\000e\000\040\000s\000y\000s\000t\000\350\000m\000e\000\040\000f\000a\000i\000t\000\051}{section.1.3}% 11
\BOOKMARK [2][-]{subsection.1.3.3}{\376\377\000\040\000O\000b\000j\000e\000c\000t\000i\000f\000s\000\040\000N\000o\000n\000\040\000F\000o\000n\000c\000t\000i\000o\000n\000n\000e\000l\000s\000\040\000\050\000C\000o\000m\000m\000e\000n\000t\000\040\000l\000e\000\040\000s\000y\000s\000t\000\350\000m\000e\000\040\000l\000e\000\040\000f\000a\000i\000t\000\051}{section.1.3}% 12
\BOOKMARK [1][-]{section.1.4}{\376\377\000L\000e\000s\000\040\000E\000R\000P}{chapter.1}% 13
\BOOKMARK [2][-]{subsection.1.4.1}{\376\377\000D\000\351\000f\000i\000n\000i\000t\000i\000o\000n}{section.1.4}% 14
\BOOKMARK [2][-]{subsection.1.4.2}{\376\377\000A\000r\000c\000h\000i\000t\000e\000c\000t\000u\000r\000e\000\040\000t\000e\000c\000h\000n\000i\000q\000u\000e}{section.1.4}% 15
\BOOKMARK [2][-]{subsection.1.4.3}{\376\377\000L\000e\000s\000\040\000p\000r\000i\000n\000c\000i\000p\000a\000u\000x\000\040\000\351\000d\000i\000t\000e\000u\000r\000s\000\040\000L\000e\000\040\000m\000a\000r\000c\000h\000\351\000\040\000d\000e\000\040\000l\000'\000E\000R\000P}{section.1.4}% 16
\BOOKMARK [3][-]{subsubsection.1.4.3.1}{\376\377\000L\000e\000s\000\040\000E\000R\000P\000\040\000P\000r\000o\000p\000r\000i\000\351\000t\000a\000i\000r\000e\000s\000\040}{subsection.1.4.3}% 17
\BOOKMARK [3][-]{subsubsection.1.4.3.2}{\376\377\000L\000e\000s\000\040\000E\000R\000P\000\040\000O\000p\000e\000n\000\040\000S\000o\000u\000r\000c\000e\000\040}{subsection.1.4.3}% 18
\BOOKMARK [2][-]{subsection.1.4.4}{\376\377\000C\000y\000c\000l\000e\000\040\000d\000e\000\040\000v\000i\000e}{section.1.4}% 19
\BOOKMARK [1][-]{section.1.5}{\376\377\000C\000o\000n\000c\000l\000u\000s\000i\000o\000n}{chapter.1}% 20
\BOOKMARK [0][-]{chapter.2}{\376\377\000A\000n\000a\000l\000y\000s\000e\000\040\000e\000t\000\040\000s\000p\000\351\000c\000i\000f\000i\000c\000a\000t\000i\000o\000n\000\040\000d\000e\000s\000\040\000b\000e\000s\000o\000i\000n\000s}{}% 21
\BOOKMARK [1][-]{section.2.1}{\376\377\000I\000n\000t\000r\000o\000d\000u\000c\000t\000i\000o\000n}{chapter.2}% 22
\BOOKMARK [1][-]{section.2.2}{\376\377\000E\000t\000u\000d\000e\000\040\000e\000t\000\040\000c\000r\000i\000t\000i\000q\000u\000e\000\040\000d\000e\000\040\000l\040\031\000e\000x\000i\000s\000t\000a\000n\000t}{chapter.2}% 23
\BOOKMARK [1][-]{section.2.3}{\376\377\000P\000r\000o\000b\000l\000\351\000m\000a\000t\000i\000q\000u\000e}{chapter.2}% 24
\BOOKMARK [1][-]{section.2.4}{\376\377\000S\000o\000l\000u\000t\000i\000o\000n\000\040\000p\000r\000o\000p\000o\000s\000\351\000e}{chapter.2}% 25
\BOOKMARK [1][-]{section.2.5}{\376\377\000I\000d\000e\000n\000t\000i\000f\000i\000c\000a\000t\000i\000o\000n\000\040\000d\000e\000s\000\040\000b\000e\000s\000o\000i\000n\000s}{chapter.2}% 26
\BOOKMARK [2][-]{subsection.2.5.1}{\376\377\000A\000n\000a\000l\000y\000s\000e\000\040\000d\000e\000s\000\040\000b\000e\000s\000o\000i\000n\000s\000\040\000f\000o\000n\000c\000t\000i\000o\000n\000n\000e\000l\000s}{section.2.5}% 27
\BOOKMARK [3][-]{subsubsection.2.5.1.1}{\376\377\000T\000O\000D\000O}{subsection.2.5.1}% 28
\BOOKMARK [3][-]{subsubsection.2.5.1.2}{\376\377\000B\000e\000s\000o\000i\000n\000s\000\040\000l\000i\000\351\000s\000\040\000a\000u\000\040\000c\000l\000i\000e\000n\000t}{subsection.2.5.1}% 29
\BOOKMARK [3][-]{subsubsection.2.5.1.3}{\376\377\000B\000e\000s\000o\000i\000n\000s\000\040\000l\000i\000\351\000s\000\040\000a\000u\000\040\000T\000O\000D\000O}{subsection.2.5.1}% 30
\BOOKMARK [3][-]{subsubsection.2.5.1.4}{\376\377\000B\000e\000s\000o\000i\000n\000s\000\040\000l\000i\000\351\000s\000\040\000\340\000\040\000T\000O\000D\000O}{subsection.2.5.1}% 31
\BOOKMARK [2][-]{subsection.2.5.2}{\376\377\000A\000n\000a\000l\000y\000s\000e\000\040\000d\000e\000\040\000b\000e\000s\000o\000i\000n\000s\000\040\000n\000o\000n\000\040\000f\000o\000n\000c\000t\000i\000o\000n\000n\000e\000l\000s}{section.2.5}% 32
\BOOKMARK [1][-]{section.2.6}{\376\377\000D\000i\000a\000g\000r\000a\000m\000m\000e\000\040\000d\000e\000\040\000c\000a\000s\000\040\000d\040\031\000u\000t\000i\000l\000i\000s\000a\000t\000i\000o\000n\000\040\000g\000l\000o\000b\000a\000l\000e}{chapter.2}% 33
\BOOKMARK [2][-]{subsection.2.6.1}{\376\377\000I\000d\000e\000n\000t\000i\000f\000i\000c\000a\000t\000i\000o\000n\000\040\000d\000e\000s\000\040\000a\000c\000t\000e\000u\000r\000s}{section.2.6}% 34
\BOOKMARK [2][-]{subsection.2.6.2}{\376\377\000I\000d\000e\000n\000t\000i\000f\000i\000c\000a\000t\000i\000o\000n\000\040\000d\000e\000s\000\040\000c\000a\000s\000\040\000d\040\031\000u\000t\000i\000l\000i\000s\000a\000t\000i\000o\000n}{section.2.6}% 35
\BOOKMARK [2][-]{subsection.2.6.3}{\376\377\000D\000i\000a\000g\000r\000a\000m\000m\000e\000\040\000d\000e\000\040\000c\000a\000s\000\040\000d\040\031\000u\000t\000i\000l\000i\000s\000a\000t\000i\000o\000n\000\040\000g\000l\000o\000b\000a\000l}{section.2.6}% 36
\BOOKMARK [1][-]{section.2.7}{\376\377\000C\000o\000n\000c\000l\000u\000s\000i\000o\000n}{chapter.2}% 37
\BOOKMARK [0][-]{chapter.3}{\376\377\000C\000O\000N\000C\000E\000P\000T\000I\000O\000N}{}% 38
\BOOKMARK [1][-]{section.3.1}{\376\377\000I\000n\000t\000r\000o\000d\000u\000c\000t\000i\000o\000n}{chapter.3}% 39
\BOOKMARK [1][-]{section.3.2}{\376\377\000C\000h\000o\000i\000x\000\040\000d\000e\000\040\000l\000a\000\040\000m\000\351\000t\000h\000o\000d\000o\000l\000o\000g\000i\000e\000\040\000d\040\031\000a\000n\000a\000l\000y\000s\000e}{chapter.3}% 40
\BOOKMARK [2][-]{subsection.3.2.1}{\376\377\000P\000r\000\351\000s\000e\000n\000t\000a\000t\000i\000o\000n\000\040\000U\000M\000L}{section.3.2}% 41
\BOOKMARK [2][-]{subsection.3.2.2}{\376\377\000D\000i\000a\000g\000r\000a\000m\000m\000e\000\040\000d\000e\000s\000\040\000c\000a\000s\000\040\000d\040\031\000u\000t\000i\000l\000i\000s\000a\000t\000i\000o\000n}{section.3.2}% 42
\BOOKMARK [3][-]{subsubsection.3.2.2.1}{\376\377\000I\000d\000e\000n\000t\000i\000f\000i\000c\000a\000t\000i\000o\000n\000\040\000d\000e\000s\000\040\000A\000c\000t\000e\000u\000r\000s\000\240\000:}{subsection.3.2.2}% 43
\BOOKMARK [3][-]{subsubsection.3.2.2.2}{\376\377\000I\000d\000e\000n\000t\000i\000f\000i\000c\000a\000t\000i\000o\000n\000\040\000d\000e\000s\000\040\000c\000a\000s\000\040\000d\040\031\000u\000t\000i\000l\000i\000s\000a\000t\000i\000o\000n\000\040\000p\000r\000i\000n\000c\000i\000p\000a\000u\000x\000\240\000:}{subsection.3.2.2}% 44
\BOOKMARK [2][-]{subsection.3.2.3}{\376\377\000D\000i\000a\000g\000r\000a\000m\000m\000e\000\040\000d\000e\000\040\000c\000a\000s\000\040\000d\040\031\000u\000t\000i\000l\000i\000s\000a\000t\000i\000o\000n\000\040\000G\000l\000o\000b\000a\000l\000e\000\040\000:}{section.3.2}% 45
\BOOKMARK [2][-]{subsection.3.2.4}{\376\377\000D\000i\000a\000g\000r\000a\000m\000m\000e\000s\000\040\000d\000e\000s\000\040\000c\000a\000s\000\040\000d\040\031\000u\000t\000i\000l\000i\000s\000a\000t\000i\000o\000n\000\040\000s\000p\000\351\000c\000i\000f\000i\000q\000u\000e\000s\000\040\000:\000\040}{section.3.2}% 46
\BOOKMARK [3][-]{subsubsection.3.2.4.1}{\376\377\000D\000i\000a\000g\000r\000a\000m\000m\000e\000\040\000d\000e\000\040\000c\000a\000s\000\040\000d\040\031\000u\000t\000i\000l\000i\000s\000a\000t\000i\000o\000n\000\040\000\253\000\240\000s\040\031\000a\000u\000t\000h\000e\000n\000t\000i\000f\000i\000e\000r\000\040\000\273\000\240\000:}{subsection.3.2.4}% 47
\BOOKMARK [3][-]{subsubsection.3.2.4.2}{\376\377\000D\000i\000a\000g\000r\000a\000m\000m\000e\000\040\000d\000e\000\040\000c\000a\000s\000\040\000d\040\031\000u\000t\000i\000l\000i\000s\000a\000t\000i\000o\000n\000\040\000\253\000\240\000l\000a\000n\000c\000e\000r\000\040\000l\000e\000s\000\040\000o\000r\000d\000r\000e\000s\000\040\000d\000e\000s\000\040\000A\000c\000h\000a\000t\000s\000\040\000\273\000\240\000:}{subsection.3.2.4}% 48
\BOOKMARK [3][-]{subsubsection.3.2.4.3}{\376\377\000D\000i\000a\000g\000r\000a\000m\000m\000e\000\040\000d\000e\000\040\000c\000a\000s\000\040\000d\040\031\000u\000t\000i\000l\000i\000s\000a\000t\000i\000o\000n\000\040\000\253\000\240\000S\000u\000i\000v\000r\000e\000\040\000l\040\031\000\351\000t\000a\000t\000\040\000d\000u\000\040\000s\000t\000o\000c\000k\000\040\000\273\000\240\000:\000\040}{subsection.3.2.4}% 49
\BOOKMARK [3][-]{subsubsection.3.2.4.4}{\376\377\000D\000i\000a\000g\000r\000a\000m\000m\000e\000\040\000d\000e\000\040\000c\000a\000s\000\040\000d\040\031\000u\000t\000i\000l\000i\000s\000a\000t\000i\000o\000n\000\040\000\253\000\240\000G\000\351\000r\000e\000r\000\040\000l\000a\000\040\000p\000r\000o\000d\000u\000c\000t\000i\000o\000n\000\040\000\273\000\240\000:}{subsection.3.2.4}% 50
\BOOKMARK [3][-]{subsubsection.3.2.4.5}{\376\377\000D\000i\000a\000g\000r\000a\000m\000m\000e\000\040\000d\000e\000\040\000c\000a\000s\000\040\000d\040\031\000u\000t\000i\000l\000i\000s\000a\000t\000i\000o\000n\000\040\000\253\000\240\000G\000\351\000r\000e\000r\000\040\000d\000e\000s\000\040\000c\000o\000m\000m\000a\000n\000d\000e\000s\000\040\000d\040\031\000a\000c\000h\000a\000t\000\040\000c\000l\000i\000e\000n\000t\000\040\000\273\000\240\000:}{subsection.3.2.4}% 51
\BOOKMARK [3][-]{subsubsection.3.2.4.6}{\376\377\000D\000i\000a\000g\000r\000a\000m\000m\000e\000\040\000d\000e\000\040\000c\000a\000s\000\040\000d\040\031\000u\000t\000i\000l\000i\000s\000a\000t\000i\000o\000n\000\040\000\253\000\240\000G\000\351\000r\000e\000r\000\040\000l\000e\000s\000\040\000F\000o\000u\000r\000n\000i\000s\000s\000e\000u\000r\000s\000\040\000\273\000\240\000:}{subsection.3.2.4}% 52
\BOOKMARK [3][-]{subsubsection.3.2.4.7}{\376\377\000D\000i\000a\000g\000r\000a\000m\000m\000e\000\040\000d\000e\000\040\000c\000a\000s\000\040\000d\040\031\000u\000t\000i\000l\000i\000s\000a\000t\000i\000o\000n\000\040\000\253\000\240\000G\000\351\000r\000e\000r\000\040\000l\000e\000s\000\040\000c\000o\000m\000p\000t\000e\000s\000\040\000u\000t\000i\000l\000i\000s\000a\000t\000e\000u\000r\000s\000\040\000\273\000\240\000:}{subsection.3.2.4}% 53
\BOOKMARK [3][-]{subsubsection.3.2.4.8}{\376\377\000D\000i\000a\000g\000r\000a\000m\000m\000e\000\040\000d\000e\000\040\000c\000a\000s\000\040\000d\040\031\000u\000t\000i\000l\000i\000s\000a\000t\000i\000o\000n\000\040\000\253\000\240\000R\000\351\000c\000e\000p\000t\000i\000o\000n\000n\000e\000r\000\040\000l\000i\000v\000r\000a\000i\000s\000o\000n\000\040\000d\000e\000\040\000m\000a\000t\000i\000\350\000r\000e\000\040\000p\000r\000e\000m\000i\000\350\000r\000e\000\040\000\273\000\240\000:}{subsection.3.2.4}% 54
\BOOKMARK [3][-]{subsubsection.3.2.4.9}{\376\377\000D\000i\000a\000g\000r\000a\000m\000m\000e\000\040\000d\000e\000\040\000c\000a\000s\000\040\000d\040\031\000u\000t\000i\000l\000i\000s\000a\000t\000i\000o\000n\000\040\000\253\000\240\000G\000\351\000r\000e\000r\000\040\000l\000e\000s\000\040\000p\000r\000o\000d\000u\000i\000t\000s\000\040\000e\000t\000\040\000l\000a\000\040\000N\000o\000m\000e\000n\000c\000l\000a\000t\000u\000r\000e\000\240\000\273\000\240\000:}{subsection.3.2.4}% 55
\BOOKMARK [3][-]{subsubsection.3.2.4.10}{\376\377\000D\000i\000a\000g\000r\000a\000m\000m\000e\000\040\000d\000e\000\040\000c\000a\000s\000\040\000d\040\031\000u\000t\000i\000l\000i\000s\000a\000t\000i\000o\000n\000\040\000\253\000\240\000G\000\351\000r\000e\000r\000\040\000l\000e\000s\000\040\000c\000o\000m\000p\000t\000e\000s\000\040\000U\000t\000i\000l\000i\000s\000a\000t\000e\000u\000r\000s\000\040\000\273\000\240\000:}{subsection.3.2.4}% 56
\BOOKMARK [3][-]{subsubsection.3.2.4.11}{\376\377\000D\000i\000a\000g\000r\000a\000m\000m\000e\000\040\000d\000e\000\040\000c\000a\000s\000\040\000d\040\031\000u\000t\000i\000l\000i\000s\000a\000t\000i\000o\000n\000\040\000\253\000\240\000V\000i\000s\000u\000a\000l\000i\000s\000e\000r\000\040\000l\000e\000\040\000D\000a\000s\000h\000b\000o\000a\000r\000d\000\040\000\273\000\240\000:}{subsection.3.2.4}% 57
\BOOKMARK [2][-]{subsection.3.2.5}{\376\377\000D\000i\000a\000g\000r\000a\000m\000m\000e\000\040\000d\000e\000\040\000c\000l\000a\000s\000s\000e}{section.3.2}% 58
\BOOKMARK [3][-]{subsubsection.3.2.5.1}{\376\377\000P\000r\000\351\000s\000e\000n\000t\000a\000t\000i\000o\000n\000\040\000:}{subsection.3.2.5}% 59
\BOOKMARK [3][-]{subsubsection.3.2.5.2}{\376\377\000D\000e\000s\000c\000r\000i\000p\000t\000i\000o\000n\000\040\000:}{subsection.3.2.5}% 60
\BOOKMARK [2][-]{subsection.3.2.6}{\376\377\000D\000i\000a\000g\000r\000a\000m\000m\000e\000\040\000d\000e\000\040\000s\000\351\000q\000u\000e\000n\000c\000e}{section.3.2}% 61
\BOOKMARK [3][-]{subsubsection.3.2.6.1}{\376\377\000P\000r\000\351\000s\000e\000n\000t\000a\000t\000i\000o\000n\000\040\000:}{subsection.3.2.6}% 62
\BOOKMARK [3][-]{subsubsection.3.2.6.2}{\376\377\000D\000e\000s\000c\000r\000i\000p\000t\000i\000o\000n\000\040\000:}{subsection.3.2.6}% 63
\BOOKMARK [3][-]{subsubsection.3.2.6.3}{\376\377\000D\000i\000a\000g\000r\000a\000m\000m\000e\000\040\000d\000e\000\040\000s\000\351\000q\000u\000e\000n\000c\000e\000\240\000\253\000\040\000C\000r\000\351\000e\000r\000\040\000c\000o\000m\000m\000a\000n\000d\000e\000\040\000A\000c\000h\000a\000t\000\040\000\273\000\040\000:}{subsection.3.2.6}% 64
\BOOKMARK [3][-]{subsubsection.3.2.6.4}{\376\377\000D\000i\000a\000g\000r\000a\000m\000m\000e\000\040\000d\000e\000\040\000s\000\351\000q\000u\000e\000n\000c\000e\000\240\000:\000\040\000\253\000\040\000G\000\351\000r\000e\000r\000\040\000F\000o\000u\000r\000n\000i\000s\000s\000e\000u\000r\000s\000\040\000\273\000\040\000:}{subsection.3.2.6}% 65
\BOOKMARK [3][-]{subsubsection.3.2.6.5}{\376\377\000D\000i\000a\000g\000r\000a\000m\000m\000e\000\040\000d\000e\000\040\000s\000\351\000q\000u\000e\000n\000c\000e\000\240\000:\000\040\000\253\000\040\000l\000a\000n\000c\000e\000r\000\040\000O\000r\000d\000r\000e\000\040\000d\040\031\000a\000c\000h\000a\000t\000\040\000\273\000\040\000:}{subsection.3.2.6}% 66
\BOOKMARK [3][-]{subsubsection.3.2.6.6}{\376\377\000D\000i\000a\000g\000r\000a\000m\000m\000e\000\040\000d\000e\000\040\000s\000\351\000q\000u\000e\000n\000c\000e\000\240\000:\000\040\000\253\000\040\000S\000u\000i\000v\000r\000e\000\040\000l\040\031\000\351\000t\000a\000t\000\040\000d\000e\000\040\000s\000t\000o\000c\000k\000\040\000\273\000\040\000:\000\040}{subsection.3.2.6}% 67
\BOOKMARK [3][-]{subsubsection.3.2.6.7}{\376\377\000D\000i\000a\000g\000r\000a\000m\000m\000e\000\040\000d\000e\000\040\000s\000\351\000q\000u\000e\000n\000c\000e\000\240\000:\000\040\000\253\000\040\000G\000\351\000r\000e\000r\000\040\000l\000a\000\040\000P\000r\000o\000d\000u\000c\000t\000i\000o\000n\000\040\000\273\000\040\000:\000\040}{subsection.3.2.6}% 68
\BOOKMARK [3][-]{subsubsection.3.2.6.8}{\376\377\000D\000i\000a\000g\000r\000a\000m\000m\000e\000\040\000d\000e\000\040\000s\000\351\000q\000u\000e\000n\000c\000e\000\240\000:\000\040\000\253\000\040\000G\000\351\000r\000e\000r\000\040\000P\000r\000o\000d\000u\000i\000t\000\040\000\273\000\040\000:\000\040}{subsection.3.2.6}% 69
\BOOKMARK [3][-]{subsubsection.3.2.6.9}{\376\377\000D\000i\000a\000g\000r\000a\000m\000m\000e\000\040\000d\000e\000\040\000s\000\351\000q\000u\000e\000n\000c\000e\000\240\000:\000\040\000\253\000\040\000G\000\351\000r\000e\000r\000\040\000l\000e\000s\000\040\000c\000o\000m\000p\000t\000e\000s\000\040\000u\000t\000i\000l\000i\000s\000a\000t\000e\000u\000r\000s\000\040\000\273\000\040\000:\000\040}{subsection.3.2.6}% 70
\BOOKMARK [3][-]{subsubsection.3.2.6.10}{\376\377\000D\000i\000a\000g\000r\000a\000m\000m\000e\000\040\000d\000e\000\040\000s\000\351\000q\000u\000e\000n\000c\000e\000\240\000:\000\040\000\253\000\040\000R\000\351\000c\000e\000p\000t\000i\000o\000n\000\040\000d\000e\000s\000\040\000L\000i\000v\000r\000a\000i\000s\000o\000n\000s\000\040\000M\000P\000\040\000\273\000\040\000:\000\040}{subsection.3.2.6}% 71
\BOOKMARK [3][-]{subsubsection.3.2.6.11}{\376\377\000D\000i\000a\000g\000r\000a\000m\000m\000e\000\040\000d\000e\000\040\000s\000\351\000q\000u\000e\000n\000c\000e\000\240\000:\000\040\000\253\000\040\000s\040\031\000a\000u\000t\000h\000e\000n\000t\000i\000f\000i\000e\000r\000\040\000\273\000\040\000:\000\040}{subsection.3.2.6}% 72
\BOOKMARK [3][-]{subsubsection.3.2.6.12}{\376\377\000D\000i\000a\000g\000r\000a\000m\000m\000e\000\040\000d\000e\000\040\000s\000\351\000q\000u\000e\000n\000c\000e\000\240\000:\000\040\000\253\000\040\000V\000i\000s\000u\000a\000l\000i\000s\000e\000r\000\040\000D\000a\000s\000h\000b\000o\000a\000r\000d\000\040\000\273\000\040\000:\000\040}{subsection.3.2.6}% 73
\BOOKMARK [2][-]{subsection.3.2.7}{\376\377\000D\000i\000a\000g\000r\000a\000m\000m\000e\000\040\000d\000'\000a\000c\000t\000i\000v\000i\000t\000\351}{section.3.2}% 74
\BOOKMARK [3][-]{subsubsection.3.2.7.1}{\376\377\000P\000r\000\351\000s\000e\000n\000t\000a\000t\000i\000o\000n\000\040\000:}{subsection.3.2.7}% 75
\BOOKMARK [3][-]{subsubsection.3.2.7.2}{\376\377\000D\000i\000a\000g\000r\000a\000m\000m\000e\000\040\000d\040\031\000a\000c\000t\000i\000v\000i\000t\000\351\000\040\000:\000\040\000\253\000\040\000C\000r\000\351\000e\000r\000\040\000C\000o\000m\000m\000a\000n\000d\000e\000\040\000d\040\031\000a\000c\000h\000a\000t\000\040\000\273\000\040\000:}{subsection.3.2.7}% 76
\BOOKMARK [3][-]{subsubsection.3.2.7.3}{\376\377\000D\000i\000a\000g\000r\000a\000m\000m\000e\000\040\000d\040\031\000a\000c\000t\000i\000v\000i\000t\000\351\000\040\000:\000\040\000\253\000\040\000C\000r\000\351\000e\000r\000\040\000O\000r\000d\000r\000e\000\040\000d\040\031\000a\000c\000h\000a\000t\000\040\000\273\000\040\000:}{subsection.3.2.7}% 77
\BOOKMARK [3][-]{subsubsection.3.2.7.4}{\376\377\000D\000i\000a\000g\000r\000a\000m\000m\000e\000\040\000d\040\031\000a\000c\000t\000i\000v\000i\000t\000\351\000\040\000:\000\040\000\253\000\040\000G\000\351\000r\000e\000r\000\040\000F\000o\000u\000r\000n\000i\000s\000s\000e\000u\000r\000\040\000\273\000\040\000:}{subsection.3.2.7}% 78
\BOOKMARK [3][-]{subsubsection.3.2.7.5}{\376\377\000D\000i\000a\000g\000r\000a\000m\000m\000e\000\040\000d\040\031\000a\000c\000t\000i\000v\000i\000t\000\351\000\040\000:\000\040\000\253\000\040\000G\000\351\000r\000e\000r\000\040\000P\000r\000o\000d\000u\000c\000t\000i\000o\000n\000\040\000\273\000\040\000:}{subsection.3.2.7}% 79
\BOOKMARK [3][-]{subsubsection.3.2.7.6}{\376\377\000D\000i\000a\000g\000r\000a\000m\000m\000e\000\040\000d\040\031\000a\000c\000t\000i\000v\000i\000t\000\351\000\040\000:\000\040\000\253\000\040\000G\000e\000s\000t\000i\000o\000n\000\040\000d\000e\000s\000\040\000p\000r\000o\000d\000u\000i\000t\000s\000\040\000e\000t\000\040\000n\000o\000m\000e\000n\000c\000l\000a\000t\000u\000r\000e\000s\000\040\000B\000O\000M\000\040\000\273\000\040\000:}{subsection.3.2.7}% 80
\BOOKMARK [3][-]{subsubsection.3.2.7.7}{\376\377\000D\000i\000a\000g\000r\000a\000m\000m\000e\000\040\000d\040\031\000a\000c\000t\000i\000v\000i\000t\000\351\000\040\000:\000\040\000\253\000\040\000G\000e\000s\000t\000i\000o\000n\000\040\000d\000e\000\040\000r\000\351\000c\000e\000p\000t\000i\000o\000n\000\040\000l\000i\000v\000r\000a\000i\000s\000o\000n\000\040\000\273\000\040\000:}{subsection.3.2.7}% 81
\BOOKMARK [3][-]{subsubsection.3.2.7.8}{\376\377\000D\000i\000a\000g\000r\000a\000m\000m\000e\000\040\000d\040\031\000a\000c\000t\000i\000v\000i\000t\000\351\000\040\000:\000\040\000\253\000\040\000s\040\031\000a\000u\000t\000h\000e\000n\000t\000i\000f\000i\000e\000r\000\040\000\273\000\040\000:}{subsection.3.2.7}% 82
\BOOKMARK [3][-]{subsubsection.3.2.7.9}{\376\377\000D\000i\000a\000g\000r\000a\000m\000m\000e\000\040\000d\040\031\000a\000c\000t\000i\000v\000i\000t\000\351\000\040\000:\000\040\000\253\000\040\000C\000r\000\351\000e\000r\000\040\000O\000r\000d\000r\000e\000\040\000d\040\031\000a\000c\000h\000a\000t\000\040\000\273\000\040\000:}{subsection.3.2.7}% 83
\BOOKMARK [3][-]{subsubsection.3.2.7.10}{\376\377\000D\000i\000a\000g\000r\000a\000m\000m\000e\000\040\000d\040\031\000a\000c\000t\000i\000v\000i\000t\000\351\000\040\000:\000\040\000\253\000\040\000C\000r\000\351\000e\000r\000\040\000C\000o\000m\000m\000a\000n\000d\000e\000\040\000d\040\031\000a\000c\000h\000a\000t\000\040\000\273\000\040\000:}{subsection.3.2.7}% 84
\BOOKMARK [3][-]{subsubsection.3.2.7.11}{\376\377\000D\000i\000a\000g\000r\000a\000m\000m\000e\000\040\000d\040\031\000a\000c\000t\000i\000v\000i\000t\000\351\000\040\000:\000\040\000\253\000\040\000C\000r\000\351\000e\000r\000\040\000O\000r\000d\000r\000e\000\040\000d\040\031\000a\000c\000h\000a\000t\000\040\000\273\000\040\000:}{subsection.3.2.7}% 85
\BOOKMARK [3][-]{subsubsection.3.2.7.12}{\376\377\000D\000i\000a\000g\000r\000a\000m\000m\000e\000\040\000d\040\031\000a\000c\000t\000i\000v\000i\000t\000\351\000\040\000:\000\040\000\253\000\040\000C\000r\000\351\000e\000r\000\040\000C\000o\000m\000m\000a\000n\000d\000e\000\040\000d\040\031\000a\000c\000h\000a\000t\000\040\000\273\000\040\000:}{subsection.3.2.7}% 86
\BOOKMARK [3][-]{subsubsection.3.2.7.13}{\376\377\000D\000i\000a\000g\000r\000a\000m\000m\000e\000\040\000d\040\031\000a\000c\000t\000i\000v\000i\000t\000\351\000\040\000:\000\040\000\253\000\040\000C\000r\000\351\000e\000r\000\040\000O\000r\000d\000r\000e\000\040\000d\040\031\000a\000c\000h\000a\000t\000\040\000\273\000\040\000:}{subsection.3.2.7}% 87
\BOOKMARK [1][-]{section.3.3}{\376\377\000C\000o\000n\000c\000l\000u\000s\000i\000o\000n}{chapter.3}% 88
\BOOKMARK [0][-]{chapter.4}{\376\377\000R\000\351\000a\000l\000i\000s\000a\000t\000i\000o\000n}{}% 89
\BOOKMARK [1][-]{section.4.1}{\376\377\000I\000n\000t\000r\000o\000d\000u\000c\000t\000i\000o\000n}{chapter.4}% 90
\BOOKMARK [1][-]{section.4.2}{\376\377\000E\000n\000v\000i\000r\000o\000n\000n\000e\000m\000e\000n\000t\000\040\000d\000e\000\040\000d\000\351\000v\000e\000l\000o\000p\000p\000e\000m\000e\000n\000t\000\040\000:}{chapter.4}% 91
\BOOKMARK [2][-]{subsection.4.2.1}{\376\377\000E\000n\000v\000i\000r\000o\000n\000n\000e\000m\000e\000n\000t\000\040\000m\000a\000t\000\351\000r\000i\000e\000l\000\040\000:}{section.4.2}% 92
\BOOKMARK [2][-]{subsection.4.2.2}{\376\377\000E\000n\000v\000i\000r\000o\000n\000n\000e\000m\000e\000n\000t\000\040\000l\000o\000g\000i\000c\000i\000e\000l\000\040\000:}{section.4.2}% 93
\BOOKMARK [2][-]{subsection.4.2.3}{\376\377\000E\000n\000v\000i\000r\000o\000n\000n\000e\000m\000e\000n\000t\000\040\000t\000e\000c\000h\000n\000o\000l\000o\000g\000i\000e\000\040\000:}{section.4.2}% 94
\BOOKMARK [2][-]{subsection.4.2.4}{\376\377\000G\000e\000s\000t\000i\000o\000n\000\040\000d\000e\000\040\000b\000a\000s\000e\000\040\000d\000e\000\040\000d\000o\000n\000n\000\351\000e\000s\000\040\000:}{section.4.2}% 95
\BOOKMARK [1][-]{section.4.3}{\376\377\000I\000m\000p\000l\000\351\000m\000e\000n\000t\000a\000t\000i\000o\000n\000\040\000d\000u\000\040\000p\000r\000o\000j\000e\000t\000\040\000:}{chapter.4}% 96
\BOOKMARK [2][-]{subsection.4.3.1}{\376\377\000I\000n\000t\000e\000r\000f\000a\000c\000e\000\040\000d\040\031\000a\000c\000c\000u\000e\000i\000l\000\040\000d\000e\000\040\000l\040\031\000a\000p\000p\000l\000i\000c\000a\000t\000i\000o\000n\000\040\000:}{section.4.3}% 97
\BOOKMARK [2][-]{subsection.4.3.2}{\376\377\000I\000n\000t\000e\000r\000f\000a\000c\000e\000\040\000L\000o\000g\000i\000n\000\040\000:}{section.4.3}% 98
\BOOKMARK [2][-]{subsection.4.3.3}{\376\377\000I\000n\000t\000e\000r\000f\000a\000c\000e\000\040\000I\000n\000s\000c\000r\000i\000p\000t\000i\000o\000n\000\040\000:}{section.4.3}% 99
\BOOKMARK [2][-]{subsection.4.3.4}{\376\377\000I\000n\000t\000e\000r\000f\000a\000c\000e\000\040\000A\000j\000o\000u\000t\000e\000r\000\040\000A\000n\000n\000o\000n\000c\000e\000\040\000:}{section.4.3}% 100
\BOOKMARK [0][-]{chapter*.76}{\376\377\000G\000E\000N\000E\000R\000A\000L\000\040\000C\000O\000N\000C\000L\000U\000S\000I\000O\000N}{}% 101
\BOOKMARK [0][-]{chapter*.76}{\376\377\000N\000E\000T\000O\000G\000R\000A\000P\000H\000I\000E}{}% 102
