This is pdfTeX, Version 3.141592653-2.6-1.40.29 (TeX Live 2026/Arch Linux) (preloaded format=pdflatex 2026.4.6)  18 MAY 2026 21:04
entering extended mode
 restricted \write18 enabled.
 file:line:error style messages enabled.
 %&-line parsing enabled.
**/home/medo/Desktop/RayhanERPLatex/main.tex
(/home/medo/Desktop/RayhanERPLatex/main.tex
LaTeX2e <2025-11-01>
L3 programming layer <2026-01-19>
(./Isetta-PFE-Report-dissertation.cls (/usr/share/texmf-dist/tex/latex/silence/silence.sty
Package: silence 2012/07/02 v1.5b Selective filtering of warnings and error messages
\sl@Save=\count275
\sl@StateNumber=\count276
\sl@MessageCount=\count277
\sl@Casualties=\count278
\sl@Filter=\toks17
\sl@Message=\toks18
\sl@UnexpandedMessage=\toks19
\sl@Mess@ge=\toks20
\sl@WarningCount=\count279
\sl@WarningNumber=\count280
\sl@WarningCasualties=\count281
\sl@TempBOW=\toks21
\sl@BankOfWarnings=\toks22
LaTeX Info: Redefining \GenericWarning on input line 433.
\sl@ErrorCount=\count282
\sl@ErrorNumber=\count283
\sl@ErrorCasualties=\count284
\sl@TempBOE=\toks23
\sl@BankOfErrors=\toks24
LaTeX Info: Redefining \GenericError on input line 601.
) (/usr/share/texmf-dist/tex/latex/base/report.cls
Document Class: report 2025/01/22 v1.4n Standard LaTeX document class
(/usr/share/texmf-dist/tex/latex/base/size12.clo
File: size12.clo 2025/01/22 v1.4n Standard LaTeX file (size option)
)
\c@part=\count285
\c@chapter=\count286
\c@section=\count287
\c@subsection=\count288
\c@subsubsection=\count289
\c@paragraph=\count290
\c@subparagraph=\count291
\c@figure=\count292
\c@table=\count293
\abovecaptionskip=\skip49
\belowcaptionskip=\skip50
\bibindent=\dimen148
) (/usr/share/texmf-dist/tex/latex/booktabs/booktabs.sty
Package: booktabs 2020/01/12 v1.61803398 Publication quality tables
\heavyrulewidth=\dimen149
\lightrulewidth=\dimen150
\cmidrulewidth=\dimen151
\belowrulesep=\dimen152
\belowbottomsep=\dimen153
\aboverulesep=\dimen154
\abovetopsep=\dimen155
\cmidrulesep=\dimen156
\cmidrulekern=\dimen157
\defaultaddspace=\dimen158
\@cmidla=\count294
\@cmidlb=\count295
\@aboverulesep=\dimen159
\@belowrulesep=\dimen160
\@thisruleclass=\count296
\@lastruleclass=\count297
\@thisrulewidth=\dimen161
) (/usr/share/texmf-dist/tex/latex/tools/longtable.sty
Package: longtable 2025-10-13 v4.24 Multi-page Table package (DPC)
\LTleft=\skip51
\LTright=\skip52
\LTpre=\skip53
\LTpost=\skip54
\LTchunksize=\count298
\LTcapwidth=\dimen162
\LT@head=\box53
\LT@firsthead=\box54
\LT@foot=\box55
\LT@lastfoot=\box56
\LT@gbox=\box57
\LT@cols=\count299
\LT@rows=\count300
\c@LT@tables=\count301
\c@LT@chunks=\count302
\LT@p@ftn=\toks25
) (/usr/share/texmf-dist/tex/latex/float/float.sty
Package: float 2001/11/08 v1.3d Float enhancements (AL)
\c@float@type=\count303
\float@exts=\toks26
\float@box=\box58
\@float@everytoks=\toks27
\@floatcapt=\box59
) (/usr/share/texmf-dist/tex/latex/capt-of/capt-of.sty
Package: capt-of 2009/12/29 v0.2 standard captions outside of floats
) (/usr/share/texmf-dist/tex/latex/geometry/geometry.sty
Package: geometry 2020/01/02 v5.9 Page Geometry
 (/usr/share/texmf-dist/tex/latex/graphics/keyval.sty
Package: keyval 2022/05/29 v1.15 key=value parser (DPC)
\KV@toks@=\toks28
) (/usr/share/texmf-dist/tex/generic/iftex/ifvtex.sty
Package: ifvtex 2019/10/25 v1.7 ifvtex legacy package. Use iftex instead.
 (/usr/share/texmf-dist/tex/generic/iftex/iftex.sty
Package: iftex 2024/12/12 v1.0g TeX engine tests
))
\Gm@cnth=\count304
\Gm@cntv=\count305
\c@Gm@tempcnt=\count306
\Gm@bindingoffset=\dimen163
\Gm@wd@mp=\dimen164
\Gm@odd@mp=\dimen165
\Gm@even@mp=\dimen166
\Gm@layoutwidth=\dimen167
\Gm@layoutheight=\dimen168
\Gm@layouthoffset=\dimen169
\Gm@layoutvoffset=\dimen170
\Gm@dimlist=\toks29
) (/usr/share/texmf-dist/tex/latex/environ/environ.sty
Package: environ 2014/05/04 v0.3 A new way to define environments
 (/usr/share/texmf-dist/tex/latex/trimspaces/trimspaces.sty
Package: trimspaces 2009/09/17 v1.1 Trim spaces around a token list
)
\@envbody=\toks30
) (/usr/share/texmf-dist/tex/latex/verse/verse.sty
Package: verse 2014/05/10 v2.4b verse typesetting
\c@vslineno=\count307
\c@poemline=\count308
\c@fvsline=\count309
\c@modulo@vs=\count310
\c@verse@envctr=\count311
\versewidth=\skip55
\vgap=\skip56
\vindent=\skip57
\stanzaskip=\skip58
\vleftskip=\skip59
\vrightskip=\skip60
\c@chrsinstr=\count312
\beforepoemtitleskip=\skip61
\afterpoemtitleskip=\skip62
) (/usr/share/texmf-dist/tex/latex/xcolor/xcolor.sty
Package: xcolor 2024/09/29 v3.02 LaTeX color extensions (UK)
 (/usr/share/texmf-dist/tex/latex/graphics-cfg/color.cfg
File: color.cfg 2016/01/02 v1.6 sample color configuration
)
Package xcolor Info: Driver file: pdftex.def on input line 274.
 (/usr/share/texmf-dist/tex/latex/graphics-def/pdftex.def
File: pdftex.def 2025/09/29 v1.2d Graphics/color driver for pdftex
) (/usr/share/texmf-dist/tex/latex/graphics/mathcolor.ltx)
Package xcolor Info: Model `cmy' substituted by `cmy0' on input line 1349.
Package xcolor Info: Model `hsb' substituted by `rgb' on input line 1353.
Package xcolor Info: Model `RGB' extended on input line 1365.
Package xcolor Info: Model `HTML' substituted by `rgb' on input line 1367.
Package xcolor Info: Model `Hsb' substituted by `hsb' on input line 1368.
Package xcolor Info: Model `tHsb' substituted by `hsb' on input line 1369.
Package xcolor Info: Model `HSB' substituted by `hsb' on input line 1370.
Package xcolor Info: Model `Gray' substituted by `gray' on input line 1371.
Package xcolor Info: Model `wave' substituted by `hsb' on input line 1372.
) (/usr/share/texmf-dist/tex/latex/colortbl/colortbl.sty
Package: colortbl 2024/10/29 v1.0k Color table columns (DPC)
 (/usr/share/texmf-dist/tex/latex/tools/array.sty
Package: array 2025/09/25 v2.6n Tabular extension package (FMi)
\col@sep=\dimen171
\ar@mcellbox=\box60
\extrarowheight=\dimen172
\NC@list=\toks31
\extratabsurround=\skip63
\backup@length=\skip64
\ar@cellbox=\box61
)
\everycr=\toks32
\minrowclearance=\skip65
\rownum=\count313
) (/usr/share/texmf-dist/tex/latex/titlesec/titlesec.sty
Package: titlesec 2025/01/04 v2.17 Sectioning titles
\ttl@box=\box62
\beforetitleunit=\skip66
\aftertitleunit=\skip67
\ttl@plus=\dimen173
\ttl@minus=\dimen174
\ttl@toksa=\toks33
\titlewidth=\dimen175
\titlewidthlast=\dimen176
\titlewidthfirst=\dimen177
) (/usr/share/texmf-dist/tex/latex/chngcntr/chngcntr.sty
Package: chngcntr 2018/04/09 v1.1a change counter resetting
Package chngcntr Info: \counterwithout already defined.
(chngcntr)             Quitting chngcntr on input line 21.
) (/usr/share/texmf-dist/tex/latex/fancyhdr/fancyhdr.sty
Package: fancyhdr 2025/02/07 v5.2 Extensive control of page headers and footers
\f@nch@headwidth=\skip68
\f@nch@offset@elh=\skip69
\f@nch@offset@erh=\skip70
\f@nch@offset@olh=\skip71
\f@nch@offset@orh=\skip72
\f@nch@offset@elf=\skip73
\f@nch@offset@erf=\skip74
\f@nch@offset@olf=\skip75
\f@nch@offset@orf=\skip76
\f@nch@height=\skip77
\f@nch@footalignment=\skip78
\f@nch@widthL=\skip79
\f@nch@widthC=\skip80
\f@nch@widthR=\skip81
\@temptokenb=\toks34
) (/usr/share/texmf-dist/tex/latex/caption/caption.sty
Package: caption 2023/08/05 v3.6o Customizing captions (AR)
 (/usr/share/texmf-dist/tex/latex/caption/caption3.sty
Package: caption3 2023/07/31 v2.4d caption3 kernel (AR)
\caption@tempdima=\dimen178
\captionmargin=\dimen179
\caption@leftmargin=\dimen180
\caption@rightmargin=\dimen181
\caption@width=\dimen182
\caption@indent=\dimen183
\caption@parindent=\dimen184
\caption@hangindent=\dimen185
Package caption Info: Standard document class detected.
)
\c@caption@flags=\count314
\c@continuedfloat=\count315
Package caption Info: float package is loaded.
Package caption Info: longtable package is loaded.
 (/usr/share/texmf-dist/tex/latex/caption/ltcaption.sty
Package: ltcaption 2021/01/08 v1.4c longtable captions (AR)
)) (/usr/share/texmf-dist/tex/latex/caption/subcaption.sty
Package: subcaption 2023/07/28 v1.6b Sub-captions (AR)
Package caption Info: New subtype `subfigure' on input line 238.
\c@subfigure=\count316
Package caption Info: New subtype `subtable' on input line 238.
\c@subtable=\count317
) (/usr/share/texmf-dist/tex/latex/hyperref/hyperref.sty
Package: hyperref 2026-01-29 v7.01p Hypertext links for LaTeX
 (/usr/share/texmf-dist/tex/latex/kvsetkeys/kvsetkeys.sty
Package: kvsetkeys 2022-10-05 v1.19 Key value parser (HO)
) (/usr/share/texmf-dist/tex/generic/kvdefinekeys/kvdefinekeys.sty
Package: kvdefinekeys 2019-12-19 v1.6 Define keys (HO)
) (/usr/share/texmf-dist/tex/generic/pdfescape/pdfescape.sty
Package: pdfescape 2019/12/09 v1.15 Implements pdfTeX's escape features (HO)
 (/usr/share/texmf-dist/tex/generic/ltxcmds/ltxcmds.sty
Package: ltxcmds 2023-12-04 v1.26 LaTeX kernel commands for general use (HO)
) (/usr/share/texmf-dist/tex/generic/pdftexcmds/pdftexcmds.sty
Package: pdftexcmds 2020-06-27 v0.33 Utility functions of pdfTeX for LuaTeX (HO)
 (/usr/share/texmf-dist/tex/generic/infwarerr/infwarerr.sty
Package: infwarerr 2019/12/03 v1.5 Providing info/warning/error messages (HO)
)
Package pdftexcmds Info: \pdf@primitive is available.
Package pdftexcmds Info: \pdf@ifprimitive is available.
Package pdftexcmds Info: \pdfdraftmode found.
)) (/usr/share/texmf-dist/tex/latex/hycolor/hycolor.sty
Package: hycolor 2020-01-27 v1.10 Color options for hyperref/bookmark (HO)
) (/usr/share/texmf-dist/tex/latex/hyperref/nameref.sty
Package: nameref 2026-01-29 v2.58 Cross-referencing by name of section
 (/usr/share/texmf-dist/tex/latex/refcount/refcount.sty
Package: refcount 2019/12/15 v3.6 Data extraction from label references (HO)
) (/usr/share/texmf-dist/tex/generic/gettitlestring/gettitlestring.sty
Package: gettitlestring 2019/12/15 v1.6 Cleanup title references (HO)
 (/usr/share/texmf-dist/tex/latex/kvoptions/kvoptions.sty
Package: kvoptions 2022-06-15 v3.15 Key value format for package options (HO)
))
\c@section@level=\count318
) (/usr/share/texmf-dist/tex/latex/etoolbox/etoolbox.sty
Package: etoolbox 2025/10/02 v2.5m e-TeX tools for LaTeX (JAW)
\etb@tempcnta=\count319
) (/usr/share/texmf-dist/tex/generic/stringenc/stringenc.sty
Package: stringenc 2019/11/29 v1.12 Convert strings between diff. encodings (HO)
)
\@linkdim=\dimen186
\Hy@linkcounter=\count320
\Hy@pagecounter=\count321
 (/usr/share/texmf-dist/tex/latex/hyperref/pd1enc.def
File: pd1enc.def 2026-01-29 v7.01p Hyperref: PDFDocEncoding definition (HO)
Now handling font encoding PD1 ...
... no UTF-8 mapping file for font encoding PD1
) (/usr/share/texmf-dist/tex/generic/intcalc/intcalc.sty
Package: intcalc 2019/12/15 v1.3 Expandable calculations with integers (HO)
)
\Hy@SavedSpaceFactor=\count322
 (/usr/share/texmf-dist/tex/latex/hyperref/puenc.def
File: puenc.def 2026-01-29 v7.01p Hyperref: PDF Unicode definition (HO)
Now handling font encoding PU ...
... no UTF-8 mapping file for font encoding PU
)
Package hyperref Info: Hyper figures OFF on input line 4201.
Package hyperref Info: Link nesting OFF on input line 4206.
Package hyperref Info: Hyper index ON on input line 4209.
Package hyperref Info: Plain pages OFF on input line 4216.
Package hyperref Info: Backreferencing OFF on input line 4221.
Package hyperref Info: Implicit mode ON; LaTeX internals redefined.
Package hyperref Info: Bookmarks ON on input line 4468.
\c@Hy@tempcnt=\count323
 (/usr/share/texmf-dist/tex/latex/url/url.sty
\Urlmuskip=\muskip17
Package: url 2013/09/16  ver 3.4  Verb mode for urls, etc.
)
LaTeX Info: Redefining \url on input line 4807.
\XeTeXLinkMargin=\dimen187
 (/usr/share/texmf-dist/tex/generic/bitset/bitset.sty
Package: bitset 2019/12/09 v1.3 Handle bit-vector datatype (HO)
 (/usr/share/texmf-dist/tex/generic/bigintcalc/bigintcalc.sty
Package: bigintcalc 2019/12/15 v1.5 Expandable calculations on big integers (HO)
))
\Fld@menulength=\count324
\Field@Width=\dimen188
\Fld@charsize=\dimen189
Package hyperref Info: Hyper figures OFF on input line 6084.
Package hyperref Info: Link nesting OFF on input line 6089.
Package hyperref Info: Hyper index ON on input line 6092.
Package hyperref Info: backreferencing OFF on input line 6099.
Package hyperref Info: Link coloring OFF on input line 6104.
Package hyperref Info: Link coloring with OCG OFF on input line 6109.
Package hyperref Info: PDF/A mode OFF on input line 6114.
\Hy@abspage=\count325
\c@Item=\count326
\c@Hfootnote=\count327
)
Package hyperref Info: Driver (autodetected): hpdftex.
 (/usr/share/texmf-dist/tex/latex/hyperref/hpdftex.def
File: hpdftex.def 2026-01-29 v7.01p Hyperref driver for pdfTeX
\Fld@listcount=\count328
\c@bookmark@seq@number=\count329
 (/usr/share/texmf-dist/tex/latex/rerunfilecheck/rerunfilecheck.sty
Package: rerunfilecheck 2025-06-21 v1.11 Rerun checks for auxiliary files (HO)
 (/usr/share/texmf-dist/tex/generic/uniquecounter/uniquecounter.sty
Package: uniquecounter 2019/12/15 v1.4 Provide unlimited unique counter (HO)
)
Package uniquecounter Info: New unique counter `rerunfilecheck' on input line 284.
)
\Hy@SectionHShift=\skip82
) (/usr/share/texmf-dist/tex/latex/needspace/needspace.sty
Package: needspace 2025/03/13 v1.3e reserve vertical space
) (/usr/share/texmf-dist/tex/latex/pdfpages/pdfpages.sty
Package: pdfpages 2025/07/23 v0.6g Insert pages of external PDF documents (AM)
 (/usr/share/texmf-dist/tex/latex/base/ifthen.sty
Package: ifthen 2024/03/16 v1.1e Standard LaTeX ifthen package (DPC)
) (/usr/share/texmf-dist/tex/latex/tools/calc.sty
Package: calc 2025/03/01 v4.3b Infix arithmetic (KKT,FJ)
\calc@Acount=\count330
\calc@Bcount=\count331
\calc@Adimen=\dimen190
\calc@Bdimen=\dimen191
\calc@Askip=\skip83
\calc@Bskip=\skip84
LaTeX Info: Redefining \setlength on input line 86.
LaTeX Info: Redefining \addtolength on input line 87.
\calc@Ccount=\count332
\calc@Cskip=\skip85
) (/usr/share/texmf-dist/tex/latex/eso-pic/eso-pic.sty
Package: eso-pic 2025/12/10 v3.0d eso-pic (RN)
\ESO@tempdima=\dimen192
\ESO@tempdimb=\dimen193
) (/usr/share/texmf-dist/tex/latex/graphics/graphicx.sty
Package: graphicx 2024/12/31 v1.2e Enhanced LaTeX Graphics (DPC,SPQR)
 (/usr/share/texmf-dist/tex/latex/graphics/graphics.sty
Package: graphics 2024/08/06 v1.4g Standard LaTeX Graphics (DPC,SPQR)
 (/usr/share/texmf-dist/tex/latex/graphics/trig.sty
Package: trig 2023/12/02 v1.11 sin cos tan (DPC)
) (/usr/share/texmf-dist/tex/latex/graphics-cfg/graphics.cfg
File: graphics.cfg 2016/06/04 v1.11 sample graphics configuration
)
Package graphics Info: Driver file: pdftex.def on input line 106.
)
\Gin@req@height=\dimen194
\Gin@req@width=\dimen195
)
\AM@pagewidth=\dimen196
\AM@pageheight=\dimen197
\AM@fboxrule=\dimen198
 (/usr/share/texmf-dist/tex/latex/pdfpages/pppdftex.def
File: pppdftex.def 2025/07/23 v0.6g Pdfpages driver for pdfTeX (AM)
)
\pdfpages@includegraphics@status=\count333
\AM@pagebox=\box63
\AM@global@opts=\toks35
\AM@pagecnt=\count334
\AM@toc@title=\toks36
\AM@lof@heading=\toks37
\c@AM@survey=\count335
\AM@templatesizebox=\box64
) (/usr/share/texmf-dist/tex/latex/enumitem/enumitem.sty
Package: enumitem 2025/02/06 v3.11 Customized lists
\labelindent=\skip86
\enit@outerparindent=\dimen199
\enit@toks=\toks38
\enit@inbox=\box65
\enit@count@id=\count336
\enitdp@description=\count337
) (/usr/share/texmf-dist/tex/latex/footmisc/footmisc.sty
Package: footmisc 2025/05/09 v7.0b a miscellany of footnote facilities
\FN@temptoken=\toks39
\footnotemargin=\dimen256
Package footmisc Info: Declaring symbol style bringhurst on input line 549.
Package footmisc Info: Declaring symbol style chicago on input line 557.
Package footmisc Info: Declaring symbol style wiley on input line 566.
Package footmisc Info: Declaring symbol style lamport-robust on input line 577.
Package footmisc Info: Declaring symbol style lamport* on input line 597.
Package footmisc Info: Declaring symbol style lamport*-robust on input line 618.
) (/usr/share/texmf-dist/tex/generic/babel/babel.sty
Package: babel 2026/02/14 v26.3 The multilingual framework for LuaLaTeX, pdfLaTeX and XeLaTeX
\babel@savecnt=\count338
LaTeX Encoding Info:    Redeclaring text command \ij (encoding OT1) on input line 2078.
LaTeX Encoding Info:    Redeclaring text command \IJ (encoding OT1) on input line 2080.
LaTeX Encoding Info:    Redeclaring text command \ij (encoding T1) on input line 2082.
LaTeX Encoding Info:    Redeclaring text command \IJ (encoding T1) on input line 2083.
LaTeX Encoding Info:    Ignoring declaration for text command \ij (encoding ?) on input line 2084.
LaTeX Encoding Info:    Ignoring declaration for text command \IJ (encoding ?) on input line 2086.
LaTeX Encoding Info:    Ignoring declaration for text command \SS (encoding ?) on input line 2111.
\U@D=\dimen257
\l@unhyphenated=\language3
 (/usr/share/texmf-dist/tex/generic/babel/txtbabel.def)
\bbl@readstream=\read2
\bbl@dirlevel=\count339
Package babel Info: You haven't specified a language as a class or package
(babel)             option. I'll load 'nil'. Reported on input line 4265.
Package babel Info: Importing font and identification data for nil
(babel)             from babel-und-x-nil.ini. Reported on input line 4330.
 (/usr/share/texmf-dist/tex/generic/babel/nil.ldf
Language: nil 2026/02/14 v26.3 Nil language
\l@nil=\language4
)) (/usr/share/texmf-dist/tex/latex/tools/varioref.sty
Package: varioref 2025/01/14 v1.6g package for extended references (FMi)
\c@vrcnt=\count340
) (/usr/share/texmf-dist/tex/latex/acronym/acronym.sty
Package: acronym 2025/01/17 v1.50 Support for acronyms (Tobias Oetiker)
 (/usr/share/texmf-dist/tex/latex/bigfoot/suffix.sty
Package: suffix 2006/07/15 1.5a Variant command support
) (/usr/share/texmf-dist/tex/generic/xstring/xstring.sty (/usr/share/texmf-dist/tex/generic/xstring/xstring.tex
\xs_counta=\count341
\xs_countb=\count342
)
Package: xstring 2023/08/22 v1.86 String manipulations (CT)
)
\AC@clearlist=\toks40
) (/usr/share/texmf-dist/tex/latex/minitoc/minitoc.sty
Package: minitoc 2018/07/12 v62 Package minitoc
 (/usr/share/texmf-dist/tex/latex/minitoc/mtcmess.sty
Package: mtcmess 2006/03/14
)
Package minitoc Info: I0001
(minitoc)             *** minitoc package, version 62 ***.
\tf@mtc=\write3
\mtcindent=\skip87
\mtcskipamount=\skip88
Package minitoc Info: I0005
(minitoc)             compatible with hyperref.
Package minitoc Info: I0023
(minitoc)             part level macros available.
Package minitoc Info: I0003
(minitoc)             chapter level macros available.
\mtc@toks=\toks41
\mtc@strutbox=\box66
\mtc@hstrutbox=\box67
Package minitoc Info: I0002
(minitoc)             Autoconfiguration of extensions.
\openout3 = `main.mtc0'.

\openout3 = `main.mtc'.

 (./main.mtc0)
Package minitoc Info: I0012
(minitoc)             Long extensions (Unix-like) will be used.
Package minitoc Info: I0031
(minitoc)             ==> this version is configured for UNIX-like 
(minitoc)                 (long extensions) file names.
\openout3 = `main.mtc'.

\openout3 = `main.mtc0'.

\c@mtc=\count343
\c@minitocdepth=\count344
\c@ptc=\count345
\c@parttocdepth=\count346
\ptcindent=\skip89
Package minitoc Info: I0010
(minitoc)             The english language is selected.
(minitoc)              on input line 4910.
 (/usr/share/texmf-dist/tex/latex/minitoc/english.mld
File: english.mld 2006/01/13
) (/usr/share/texmf-dist/tex/latex/minitoc/english.mld
File: english.mld 2006/01/13
)) (/usr/share/texmf-dist/tex/latex/base/inputenc.sty
Package: inputenc 2024/02/08 v1.3d Input encoding file
\inpenc@prehook=\toks42
\inpenc@posthook=\toks43
) (/usr/share/texmf-dist/tex/latex/base/fontenc.sty
Package: fontenc 2025/07/18 v2.1d Standard LaTeX package
) (/usr/share/texmf-dist/tex/latex/tcolorbox/tcolorbox.sty
Package: tcolorbox 2025/11/28 version 6.9.0 text color boxes
 (/usr/share/texmf-dist/tex/latex/pgf/frontendlayer/tikz.sty (/usr/share/texmf-dist/tex/latex/pgf/basiclayer/pgf.sty (/usr/share/texmf-dist/tex/latex/pgf/utilities/pgfrcs.sty (/usr/share/texmf-dist/tex/generic/pgf/utilities/pgfutil-common.tex
\pgfutil@everybye=\toks44
\pgfutil@tempdima=\dimen258
\pgfutil@tempdimb=\dimen259
) (/usr/share/texmf-dist/tex/generic/pgf/utilities/pgfutil-latex.def
\pgfutil@abb=\box68
) (/usr/share/texmf-dist/tex/generic/pgf/utilities/pgfrcs.code.tex (/usr/share/texmf-dist/tex/generic/pgf/pgf.revision.tex)
Package: pgfrcs 2025-08-29 v3.1.11a (3.1.11a)
))
Package: pgf 2025-08-29 v3.1.11a (3.1.11a)
 (/usr/share/texmf-dist/tex/latex/pgf/basiclayer/pgfcore.sty (/usr/share/texmf-dist/tex/latex/pgf/systemlayer/pgfsys.sty (/usr/share/texmf-dist/tex/generic/pgf/systemlayer/pgfsys.code.tex
Package: pgfsys 2025-08-29 v3.1.11a (3.1.11a)
 (/usr/share/texmf-dist/tex/generic/pgf/utilities/pgfkeys.code.tex
\pgfkeys@pathtoks=\toks45
\pgfkeys@temptoks=\toks46
 (/usr/share/texmf-dist/tex/generic/pgf/utilities/pgfkeyslibraryfiltered.code.tex
\pgfkeys@tmptoks=\toks47
))
\pgf@x=\dimen260
\pgf@y=\dimen261
\pgf@xa=\dimen262
\pgf@ya=\dimen263
\pgf@xb=\dimen264
\pgf@yb=\dimen265
\pgf@xc=\dimen266
\pgf@yc=\dimen267
\pgf@xd=\dimen268
\pgf@yd=\dimen269
\w@pgf@writea=\write4
\r@pgf@reada=\read3
\c@pgf@counta=\count347
\c@pgf@countb=\count348
\c@pgf@countc=\count349
\c@pgf@countd=\count350
\t@pgf@toka=\toks48
\t@pgf@tokb=\toks49
\t@pgf@tokc=\toks50
\pgf@sys@id@count=\count351
 (/usr/share/texmf-dist/tex/generic/pgf/systemlayer/pgf.cfg
File: pgf.cfg 2025-08-29 v3.1.11a (3.1.11a)
)
Driver file for pgf: pgfsys-pdftex.def
 (/usr/share/texmf-dist/tex/generic/pgf/systemlayer/pgfsys-pdftex.def
File: pgfsys-pdftex.def 2025-08-29 v3.1.11a (3.1.11a)
 (/usr/share/texmf-dist/tex/generic/pgf/systemlayer/pgfsys-common-pdf.def
File: pgfsys-common-pdf.def 2025-08-29 v3.1.11a (3.1.11a)
))) (/usr/share/texmf-dist/tex/generic/pgf/systemlayer/pgfsyssoftpath.code.tex
File: pgfsyssoftpath.code.tex 2025-08-29 v3.1.11a (3.1.11a)
\pgfsyssoftpath@smallbuffer@items=\count352
\pgfsyssoftpath@bigbuffer@items=\count353
) (/usr/share/texmf-dist/tex/generic/pgf/systemlayer/pgfsysprotocol.code.tex
File: pgfsysprotocol.code.tex 2025-08-29 v3.1.11a (3.1.11a)
)) (/usr/share/texmf-dist/tex/generic/pgf/basiclayer/pgfcore.code.tex
Package: pgfcore 2025-08-29 v3.1.11a (3.1.11a)
 (/usr/share/texmf-dist/tex/generic/pgf/math/pgfmath.code.tex (/usr/share/texmf-dist/tex/generic/pgf/math/pgfmathutil.code.tex) (/usr/share/texmf-dist/tex/generic/pgf/math/pgfmathparser.code.tex
\pgfmath@dimen=\dimen270
\pgfmath@count=\count354
\pgfmath@box=\box69
\pgfmath@toks=\toks51
\pgfmath@stack@operand=\toks52
\pgfmath@stack@operation=\toks53
) (/usr/share/texmf-dist/tex/generic/pgf/math/pgfmathfunctions.code.tex) (/usr/share/texmf-dist/tex/generic/pgf/math/pgfmathfunctions.basic.code.tex) (/usr/share/texmf-dist/tex/generic/pgf/math/pgfmathfunctions.trigonometric.code.tex) (/usr/share/texmf-dist/tex/generic/pgf/math/pgfmathfunctions.random.code.tex) (/usr/share/texmf-dist/tex/generic/pgf/math/pgfmathfunctions.comparison.code.tex) (/usr/share/texmf-dist/tex/generic/pgf/math/pgfmathfunctions.base.code.tex) (/usr/share/texmf-dist/tex/generic/pgf/math/pgfmathfunctions.round.code.tex) (/usr/share/texmf-dist/tex/generic/pgf/math/pgfmathfunctions.misc.code.tex) (/usr/share/texmf-dist/tex/generic/pgf/math/pgfmathfunctions.integerarithmetics.code.tex) (/usr/share/texmf-dist/tex/generic/pgf/math/pgfmathcalc.code.tex) (/usr/share/texmf-dist/tex/generic/pgf/math/pgfmathfloat.code.tex
\c@pgfmathroundto@lastzeros=\count355
)) (/usr/share/texmf-dist/tex/generic/pgf/math/pgfint.code.tex) (/usr/share/texmf-dist/tex/generic/pgf/basiclayer/pgfcorepoints.code.tex
File: pgfcorepoints.code.tex 2025-08-29 v3.1.11a (3.1.11a)
\pgf@picminx=\dimen271
\pgf@picmaxx=\dimen272
\pgf@picminy=\dimen273
\pgf@picmaxy=\dimen274
\pgf@pathminx=\dimen275
\pgf@pathmaxx=\dimen276
\pgf@pathminy=\dimen277
\pgf@pathmaxy=\dimen278
\pgf@xx=\dimen279
\pgf@xy=\dimen280
\pgf@yx=\dimen281
\pgf@yy=\dimen282
\pgf@zx=\dimen283
\pgf@zy=\dimen284
) (/usr/share/texmf-dist/tex/generic/pgf/basiclayer/pgfcorepathconstruct.code.tex
File: pgfcorepathconstruct.code.tex 2025-08-29 v3.1.11a (3.1.11a)
\pgf@path@lastx=\dimen285
\pgf@path@lasty=\dimen286
) (/usr/share/texmf-dist/tex/generic/pgf/basiclayer/pgfcorepathusage.code.tex
File: pgfcorepathusage.code.tex 2025-08-29 v3.1.11a (3.1.11a)
\pgf@shorten@end@additional=\dimen287
\pgf@shorten@start@additional=\dimen288
) (/usr/share/texmf-dist/tex/generic/pgf/basiclayer/pgfcorescopes.code.tex
File: pgfcorescopes.code.tex 2025-08-29 v3.1.11a (3.1.11a)
\pgfpic=\box70
\pgf@hbox=\box71
\pgf@layerbox@main=\box72
\pgf@picture@serial@count=\count356
) (/usr/share/texmf-dist/tex/generic/pgf/basiclayer/pgfcoregraphicstate.code.tex
File: pgfcoregraphicstate.code.tex 2025-08-29 v3.1.11a (3.1.11a)
\pgflinewidth=\dimen289
) (/usr/share/texmf-dist/tex/generic/pgf/basiclayer/pgfcoretransformations.code.tex
File: pgfcoretransformations.code.tex 2025-08-29 v3.1.11a (3.1.11a)
\pgf@pt@x=\dimen290
\pgf@pt@y=\dimen291
\pgf@pt@temp=\dimen292
) (/usr/share/texmf-dist/tex/generic/pgf/basiclayer/pgfcorequick.code.tex
File: pgfcorequick.code.tex 2025-08-29 v3.1.11a (3.1.11a)
) (/usr/share/texmf-dist/tex/generic/pgf/basiclayer/pgfcoreobjects.code.tex
File: pgfcoreobjects.code.tex 2025-08-29 v3.1.11a (3.1.11a)
) (/usr/share/texmf-dist/tex/generic/pgf/basiclayer/pgfcorepathprocessing.code.tex
File: pgfcorepathprocessing.code.tex 2025-08-29 v3.1.11a (3.1.11a)
) (/usr/share/texmf-dist/tex/generic/pgf/basiclayer/pgfcorearrows.code.tex
File: pgfcorearrows.code.tex 2025-08-29 v3.1.11a (3.1.11a)
\pgfarrowsep=\dimen293
) (/usr/share/texmf-dist/tex/generic/pgf/basiclayer/pgfcoreshade.code.tex
File: pgfcoreshade.code.tex 2025-08-29 v3.1.11a (3.1.11a)
\pgf@max=\dimen294
\pgf@sys@shading@range@num=\count357
\pgf@shadingcount=\count358
) (/usr/share/texmf-dist/tex/generic/pgf/basiclayer/pgfcoreimage.code.tex
File: pgfcoreimage.code.tex 2025-08-29 v3.1.11a (3.1.11a)
) (/usr/share/texmf-dist/tex/generic/pgf/basiclayer/pgfcoreexternal.code.tex
File: pgfcoreexternal.code.tex 2025-08-29 v3.1.11a (3.1.11a)
\pgfexternal@startupbox=\box73
) (/usr/share/texmf-dist/tex/generic/pgf/basiclayer/pgfcorelayers.code.tex
File: pgfcorelayers.code.tex 2025-08-29 v3.1.11a (3.1.11a)
) (/usr/share/texmf-dist/tex/generic/pgf/basiclayer/pgfcoretransparency.code.tex
File: pgfcoretransparency.code.tex 2025-08-29 v3.1.11a (3.1.11a)
) (/usr/share/texmf-dist/tex/generic/pgf/basiclayer/pgfcorepatterns.code.tex
File: pgfcorepatterns.code.tex 2025-08-29 v3.1.11a (3.1.11a)
) (/usr/share/texmf-dist/tex/generic/pgf/basiclayer/pgfcorerdf.code.tex
File: pgfcorerdf.code.tex 2025-08-29 v3.1.11a (3.1.11a)
))) (/usr/share/texmf-dist/tex/generic/pgf/modules/pgfmoduleshapes.code.tex
File: pgfmoduleshapes.code.tex 2025-08-29 v3.1.11a (3.1.11a)
\pgfnodeparttextbox=\box74
) (/usr/share/texmf-dist/tex/generic/pgf/modules/pgfmoduleplot.code.tex
File: pgfmoduleplot.code.tex 2025-08-29 v3.1.11a (3.1.11a)
) (/usr/share/texmf-dist/tex/latex/pgf/compatibility/pgfcomp-version-0-65.sty
Package: pgfcomp-version-0-65 2025-08-29 v3.1.11a (3.1.11a)
\pgf@nodesepstart=\dimen295
\pgf@nodesepend=\dimen296
) (/usr/share/texmf-dist/tex/latex/pgf/compatibility/pgfcomp-version-1-18.sty
Package: pgfcomp-version-1-18 2025-08-29 v3.1.11a (3.1.11a)
)) (/usr/share/texmf-dist/tex/latex/pgf/utilities/pgffor.sty (/usr/share/texmf-dist/tex/latex/pgf/utilities/pgfkeys.sty (/usr/share/texmf-dist/tex/generic/pgf/utilities/pgfkeys.code.tex)) (/usr/share/texmf-dist/tex/latex/pgf/math/pgfmath.sty (/usr/share/texmf-dist/tex/generic/pgf/math/pgfmath.code.tex)) (/usr/share/texmf-dist/tex/generic/pgf/utilities/pgffor.code.tex
Package: pgffor 2025-08-29 v3.1.11a (3.1.11a)
\pgffor@iter=\dimen297
\pgffor@skip=\dimen298
\pgffor@stack=\toks54
\pgffor@toks=\toks55
)) (/usr/share/texmf-dist/tex/generic/pgf/frontendlayer/tikz/tikz.code.tex
Package: tikz 2025-08-29 v3.1.11a (3.1.11a)
 (/usr/share/texmf-dist/tex/generic/pgf/libraries/pgflibraryplothandlers.code.tex
File: pgflibraryplothandlers.code.tex 2025-08-29 v3.1.11a (3.1.11a)
\pgf@plot@mark@count=\count359
\pgfplotmarksize=\dimen299
)
\tikz@lastx=\dimen300
\tikz@lasty=\dimen301
\tikz@lastxsaved=\dimen302
\tikz@lastysaved=\dimen303
\tikz@lastmovetox=\dimen304
\tikz@lastmovetoy=\dimen305
\tikzleveldistance=\dimen306
\tikzsiblingdistance=\dimen307
\tikz@figbox=\box75
\tikz@figbox@bg=\box76
\tikz@tempbox=\box77
\tikz@tempbox@bg=\box78
\tikztreelevel=\count360
\tikznumberofchildren=\count361
\tikznumberofcurrentchild=\count362
\tikz@fig@count=\count363
 (/usr/share/texmf-dist/tex/generic/pgf/modules/pgfmodulematrix.code.tex
File: pgfmodulematrix.code.tex 2025-08-29 v3.1.11a (3.1.11a)
\pgfmatrixcurrentrow=\count364
\pgfmatrixcurrentcolumn=\count365
\pgf@matrix@numberofcolumns=\count366
)
\tikz@expandcount=\count367
 (/usr/share/texmf-dist/tex/generic/pgf/frontendlayer/tikz/libraries/tikzlibrarytopaths.code.tex
File: tikzlibrarytopaths.code.tex 2025-08-29 v3.1.11a (3.1.11a)
))) (/usr/share/texmf-dist/tex/latex/tools/verbatim.sty
Package: verbatim 2024-01-22 v1.5x LaTeX2e package for verbatim enhancements
\every@verbatim=\toks56
\verbatim@line=\toks57
\verbatim@in@stream=\read4
)
\tcb@titlebox=\box79
\tcb@upperbox=\box80
\tcb@lowerbox=\box81
\tcb@phantombox=\box82
\c@tcbbreakpart=\count368
\c@tcblayer=\count369
\c@tcolorbox@number=\count370
\l__tcobox_tmpa_box=\box83
\l__tcobox_tmpa_dim=\dimen308
\tcb@temp=\box84
\tcb@temp=\box85
\tcb@temp=\box86
\tcb@temp=\box87
 (/usr/share/texmf-dist/tex/latex/tcolorbox/tcbskins.code.tex
Library (tcolorbox): 'tcbskins.code.tex' version '6.9.0'
(/usr/share/texmf-dist/tex/latex/tikzfill/tikzfill.image.sty
Package: tikzfill.image 2023/08/08 v1.0.1 Image filling library for TikZ
 (/usr/share/texmf-dist/tex/latex/tikzfill/tikzfill-common.sty
Package: tikzfill-common 2023/08/08 v1.0.1 Auxiliary code for tikzfill
) (/usr/share/texmf-dist/tex/latex/tikzfill/tikzlibraryfill.image.code.tex
File: tikzlibraryfill.image.code.tex 2023/08/08 v1.0.1 Image filling library
\l__tikzfill_img_box=\box88
)) (/usr/share/texmf-dist/tex/latex/tcolorbox/tcbskinsjigsaw.code.tex
Library (tcolorbox): 'tcbskinsjigsaw.code.tex' version '6.9.0'
))) (/usr/share/texmf-dist/tex/latex/adjustbox/adjustbox.sty
Package: adjustbox 2025/02/26 v1.3c Adjusting TeX boxes (trim, clip, ...)
 (/usr/share/texmf-dist/tex/latex/xkeyval/xkeyval.sty
Package: xkeyval 2025/11/04 v2.10 package option processing (HA)
 (/usr/share/texmf-dist/tex/generic/xkeyval/xkeyval.tex (/usr/share/texmf-dist/tex/generic/xkeyval/xkvutils.tex
\XKV@toks=\toks58
\XKV@tempa@toks=\toks59
\XKV@tempb@toks=\toks60
)
\XKV@depth=\count371
File: xkeyval.tex 2014/12/03 v2.7a key=value parser (HA)
)) (/usr/share/texmf-dist/tex/latex/adjustbox/adjcalc.sty
Package: adjcalc 2012/05/16 v1.1 Provides advanced setlength with multiple back-ends (calc, etex, pgfmath)
) (/usr/share/texmf-dist/tex/latex/adjustbox/trimclip.sty
Package: trimclip 2025/02/21 v1.2a Trim and clip general TeX material
 (/usr/share/texmf-dist/tex/latex/collectbox/collectbox.sty
Package: collectbox 2022/10/17 v0.4c Collect macro arguments as boxes
\collectedbox=\box89
)
\tc@llx=\dimen309
\tc@lly=\dimen310
\tc@urx=\dimen311
\tc@ury=\dimen312
Package trimclip Info: Using driver 'tc-pdftex.def'.
 (/usr/share/texmf-dist/tex/latex/adjustbox/tc-pdftex.def
File: tc-pdftex.def 2025/02/26 v2.3 Clipping driver for pdftex
))
\adjbox@Width=\dimen313
\adjbox@Height=\dimen314
\adjbox@Depth=\dimen315
\adjbox@Totalheight=\dimen316
\adjbox@pwidth=\dimen317
\adjbox@pheight=\dimen318
\adjbox@pdepth=\dimen319
\adjbox@ptotalheight=\dimen320
 (/usr/share/texmf-dist/tex/latex/ifoddpage/ifoddpage.sty
Package: ifoddpage 2022/10/18 v1.2 Conditionals for odd/even page detection
\c@checkoddpage=\count372
) (/usr/share/texmf-dist/tex/latex/varwidth/varwidth.sty
Package: varwidth 2009/03/30 ver 0.92;  Variable-width minipages
\@vwid@box=\box90
\sift@deathcycles=\count373
\@vwid@loff=\dimen321
\@vwid@roff=\dimen322
)
==> First Aid for varwidth.sty applied!
) (/usr/share/texmf-dist/tex/latex/setspace/setspace.sty
Package: setspace 2022/12/04 v6.7b set line spacing
) (/usr/share/texmf-dist/tex/latex/minted/minted.sty
Package: minted 2026/03/03 v3.8.0 Yet another Pygments shim for LaTeX
 (/usr/share/texmf-dist/tex/generic/catchfile/catchfile.sty
Package: catchfile 2019/12/09 v1.8 Catch the contents of a file (HO)
 (/usr/share/texmf-dist/tex/generic/etexcmds/etexcmds.sty
Package: etexcmds 2019/12/15 v1.7 Avoid name clashes with e-TeX commands (HO)
)) (/usr/share/texmf-dist/tex/latex/fvextra/fvextra.sty
Package: fvextra 2026/02/25 v1.14.0 fvextra - extensions and patches for fancyvrb
 (/usr/share/texmf-dist/tex/latex/fancyvrb/fancyvrb.sty
Package: fancyvrb 2025/07/28 4.6 verbatim text (tvz,hv)
\FV@CodeLineNo=\count374
\FV@InFile=\read5
\FV@TabBox=\box91
\c@FancyVerbLine=\count375
\FV@StepNumber=\count376
\FV@OutFile=\write5
) (/usr/share/texmf-dist/tex/latex/upquote/upquote.sty
Package: upquote 2012/04/19 v1.3 upright-quote and grave-accent glyphs in verbatim
 (/usr/share/texmf-dist/tex/latex/base/textcomp.sty
Package: textcomp 2024/04/24 v2.1b Standard LaTeX package
)) (/usr/share/texmf-dist/tex/latex/lineno/lineno.sty
Package: lineno 2026/02/16 line numbers on paragraphs v5.7
\linenopenalty=\count377
\output=\toks61
\linenoprevgraf=\count378
\linenumbersep=\dimen323
\linenumberwidth=\dimen324
\c@linenumber=\count379
\c@pagewiselinenumber=\count380
\c@LN@truepage=\count381
\c@internallinenumber=\count382
\c@internallinenumbers=\count383
\quotelinenumbersep=\dimen325
\bframerule=\dimen326
\bframesep=\dimen327
\bframebox=\box92
)
\c@FancyVerbWriteLine=\count384
\c@FancyVerbBufferLine=\count385
\c@FV@TrueTabGroupLevel=\count386
\c@FV@TrueTabCounter=\count387
\FV@TabBox@Group=\box93
\FV@bgcolorstructbox=\box94
\FV@TmpLength=\skip90
\c@FV@HighlightLinesStart=\count388
\c@FV@HighlightLinesStop=\count389
\FV@LoopCount=\count390
\FV@NCharsBox=\box95
\FV@BreakIndent=\dimen328
\FV@BreakIndentNChars=\count391
\FV@BreakSymbolSepLeft=\dimen329
\FV@BreakSymbolSepLeftNChars=\count392
\FV@BreakSymbolSepRight=\dimen330
\FV@BreakSymbolSepRightNChars=\count393
\FV@BreakSymbolIndentLeft=\dimen331
\FV@BreakSymbolIndentLeftNChars=\count394
\FV@BreakSymbolIndentRight=\dimen332
\FV@BreakSymbolIndentRightNChars=\count395
\c@FancyVerbLineBreakLast=\count396
\FV@LineBox=\box96
\FV@LineIndentBox=\box97
\c@FV@BreakBufferDepth=\count397
\FV@LineWidth=\dimen333
) (/usr/share/texmf-dist/tex/latex/latex2pydata/latex2pydata.sty
Package: latex2pydata 2026/02/25 v0.7.0 latex2pydata - write data to file in Python literal format
) (/usr/share/texmf-dist/tex/latex/pgfopts/pgfopts.sty
Package: pgfopts 2014/07/10 v2.1a LaTeX package options with pgfkeys
\pgfopts@list@add@a@toks=\toks62
\pgfopts@list@add@b@toks=\toks63
) (/usr/share/texmf-dist/tex/latex/tools/shellesc.sty
Package: shellesc 2023/07/08 v1.0d unified shell escape interface for LaTeX
Package shellesc Info: Restricted shell escape enabled on input line 77.
)
\c@minted@FancyVerbLineTemp=\count398
\@float@every@listing=\toks64
\c@listing=\count399
) (/usr/share/texmf-dist/tex/latex/tools/tabularx.sty
Package: tabularx 2023/12/11 v2.12a `tabularx' package (DPC)
\TX@col@width=\dimen334
\TX@old@table=\dimen335
\TX@old@col=\dimen336
\TX@target=\dimen337
\TX@delta=\dimen338
\TX@cols=\count400
\TX@ftn=\toks65
) (/usr/share/texmf-dist/tex/latex/ctable/ctable.sty
Package: ctable 2025/10/22 v1.33 package for flexible key/value driven typesetting of floats
 (/usr/share/texmf-dist/tex/generic/iftex/ifpdf.sty
Package: ifpdf 2019/10/25 v3.4 ifpdf legacy package. Use iftex instead.
) (/usr/share/texmf-dist/tex/latex/graphics/rotating.sty
Package: rotating 2025/01/14 v2.16e rotated objects in LaTeX
\c@r@tfl@t=\count401
\rotFPtop=\skip91
\rotFPbot=\skip92
\rot@float@box=\box98
\rot@mess@toks=\toks66
)
\@CTframesep=\dimen339
\@dfltCTframesep=\dimen340
\@CTframerule=\dimen341
\@dfltCTframerule=\dimen342
\@CTwidth=\dimen343
\@dfltCTwidth=\dimen344
\@CTcaptionskip=\dimen345
\@dfltCTcaptionskip=\dimen346
\@CTmaxwidth=\dimen347
\@dfltCTmaxwidth=\dimen348
\@CTmincapwidth=\dimen349
\@dfltCTmincapwidth=\dimen350
\@CTfooterwidth=\dimen351
\@dfltCTfooterwidth=\dimen352
\@CTw=\dimen353
\@CTfloatwidth=\dimen354
\@CToldsep=\dimen355
\@CToldrule=\dimen356
\CT@t=\box99
\@CTcurftwidth=\dimen357
) (/usr/share/texmf-dist/tex/latex/multirow/multirow.sty
Package: multirow 2024/11/12 v2.9 Span multiple rows of a table
\multirow@colwidth=\skip93
\multirow@cntb=\count402
\multirow@dima=\skip94
\bigstrutjot=\dimen358
) (/usr/share/texmf-dist/tex/latex/seqsplit/seqsplit.sty
Package: seqsplit 2006/08/07 v0.1 Splitting long sequences (DNA, RNA, proteins, etc.) 
) (/usr/share/texmf-dist/tex/latex/base/fontenc.sty
Package: fontenc 2025/07/18 v2.1d Standard LaTeX package
) (/usr/share/texmf-dist/tex/latex/wrapfig/wrapfig.sty
\wrapoverhang=\dimen359
\WF@size=\dimen360
\c@WF@wrappedlines=\count403
\WF@box=\box100
\WF@everypar=\toks67
Package: wrapfig 2003/01/31  v 3.6
) (/usr/share/texmf-dist/tex/latex/nowidow/nowidow.sty
Package: nowidow 2011/09/20 1.0 Easily prevent widows and orphans
Package: nowidow 
) (/usr/share/texmf-dist/tex/latex/ragged2e/ragged2e.sty
Package: ragged2e 2023/06/22 v3.6 ragged2e Package
\CenteringLeftskip=\skip95
\RaggedLeftLeftskip=\skip96
\RaggedRightLeftskip=\skip97
\CenteringRightskip=\skip98
\RaggedLeftRightskip=\skip99
\RaggedRightRightskip=\skip100
\CenteringParfillskip=\skip101
\RaggedLeftParfillskip=\skip102
\RaggedRightParfillskip=\skip103
\JustifyingParfillskip=\skip104
\CenteringParindent=\skip105
\RaggedLeftParindent=\skip106
\RaggedRightParindent=\skip107
\JustifyingParindent=\skip108
) (/usr/share/texmf-dist/tex/latex/appendix/appendix.sty
Package: appendix 2020/02/08 v1.2c extra appendix facilities
\c@@pps=\count404
\c@@ppsavesec=\count405
\c@@ppsaveapp=\count406
) (/usr/share/texmf-dist/tex/latex/siunitx/siunitx.sty
Package: siunitx 2025-07-09 v3.4.14 A comprehensive (SI) units package
\l__siunitx_number_uncert_offset_int=\count407
\l__siunitx_number_exponent_fixed_int=\count408
\l__siunitx_number_min_decimal_int=\count409
\l__siunitx_number_min_integer_int=\count410
\l__siunitx_number_round_precision_int=\count411
\l__siunitx_number_lower_threshold_int=\count412
\l__siunitx_number_upper_threshold_int=\count413
\l__siunitx_number_group_first_int=\count414
\l__siunitx_number_group_size_int=\count415
\l__siunitx_number_group_minimum_int=\count416
\l__siunitx_angle_tmp_dim=\dimen361
\l__siunitx_angle_marker_box=\box101
\l__siunitx_angle_unit_box=\box102
\l__siunitx_compound_count_int=\count417
 (/usr/share/texmf-dist/tex/latex/translations/translations.sty
Package: translations 2022/02/05 v1.12 internationalization of LaTeX2e packages (CN)
) (/usr/share/texmf-dist/tex/latex/amsmath/amstext.sty
Package: amstext 2024/11/17 v2.01 AMS text
 (/usr/share/texmf-dist/tex/latex/amsmath/amsgen.sty
File: amsgen.sty 1999/11/30 v2.0 generic functions
\@emptytoks=\toks68
\ex@=\dimen362
))
\l__siunitx_table_tmp_box=\box103
\l__siunitx_table_tmp_dim=\dimen363
\l__siunitx_table_column_width_dim=\dimen364
\l__siunitx_table_integer_box=\box104
\l__siunitx_table_decimal_box=\box105
\l__siunitx_table_uncert_box=\box106
\l__siunitx_table_before_box=\box107
\l__siunitx_table_after_box=\box108
\l__siunitx_table_before_dim=\dimen365
\l__siunitx_table_carry_dim=\dimen366
\l__siunitx_unit_tmp_int=\count418
\l__siunitx_unit_position_int=\count419
\l__siunitx_unit_total_int=\count420
)
   defining Unicode char U+2212 (decimal 8722)
\BoxWd=\skip109
\Aux=\skip110
) (./Commands.tex)
Package minitoc Info: I0024
(minitoc)             PREPARING MINITOCS FROM main.toc on input line 19.
Package minitoc Info: I0033
(minitoc)             Writing main.mtc1.
\openout3 = `main.mtc1'.

Package minitoc Info: I0033
(minitoc)             Writing main.mtc2.
\openout3 = `main.mtc2'.

Package minitoc Info: I0033
(minitoc)             Writing main.mtc3.
\openout3 = `main.mtc3'.

Package minitoc Info: I0033
(minitoc)             Writing main.mtc4.
\openout3 = `main.mtc4'.

Package minitoc Info: I0033
(minitoc)             Writing main.mtc5.
\openout3 = `main.mtc5'.

Package minitoc Info: I0033
(minitoc)             Writing main.mtc6.
\openout3 = `main.mtc6'.

Package minitoc Info: I0033
(minitoc)             Writing main.mtc7.
\openout3 = `main.mtc7'.

Package minitoc Info: I0033
(minitoc)             Writing main.mtc8.
\openout3 = `main.mtc8'.

Package minitoc Info: I0033
(minitoc)             Writing main.mtc9.
\openout3 = `main.mtc9'.

LaTeX Font Info:    Trying to load font information for T1+ptm on input line 19.
 (/usr/share/texmf-dist/tex/latex/psnfss/t1ptm.fd
File: t1ptm.fd 2001/06/04 font definitions for T1/ptm.
) (/usr/share/texmf-dist/tex/latex/l3backend/l3backend-pdftex.def
File: l3backend-pdftex.def 2025-10-09 L3 backend support: PDF output (pdfTeX)
\l__color_backend_stack_int=\count421
) (./main.aux)
\openout1 = `main.aux'.

LaTeX Font Info:    Checking defaults for OML/cmm/m/it on input line 19.
LaTeX Font Info:    ... okay on input line 19.
LaTeX Font Info:    Checking defaults for OMS/cmsy/m/n on input line 19.
LaTeX Font Info:    ... okay on input line 19.
LaTeX Font Info:    Checking defaults for OT1/cmr/m/n on input line 19.
LaTeX Font Info:    ... okay on input line 19.
LaTeX Font Info:    Checking defaults for T1/cmr/m/n on input line 19.
LaTeX Font Info:    ... okay on input line 19.
LaTeX Font Info:    Checking defaults for TS1/cmr/m/n on input line 19.
LaTeX Font Info:    ... okay on input line 19.
LaTeX Font Info:    Checking defaults for OMX/cmex/m/n on input line 19.
LaTeX Font Info:    ... okay on input line 19.
LaTeX Font Info:    Checking defaults for U/cmr/m/n on input line 19.
LaTeX Font Info:    ... okay on input line 19.
LaTeX Font Info:    Checking defaults for PD1/pdf/m/n on input line 19.
LaTeX Font Info:    ... okay on input line 19.
LaTeX Font Info:    Checking defaults for PU/pdf/m/n on input line 19.
LaTeX Font Info:    ... okay on input line 19.

*geometry* driver: auto-detecting
*geometry* detected driver: pdftex
*geometry* verbose mode - [ preamble ] result:
* driver: pdftex
* paper: a4paper
* layout: <same size as paper>
* layoutoffset:(h,v)=(0.0pt,0.0pt)
* modes: 
* h-part:(L,W,R)=(71.13188pt, 455.24411pt, 71.13188pt)
* v-part:(T,H,B)=(71.13188pt, 702.78308pt, 71.13188pt)
* \paperwidth=597.50787pt
* \paperheight=845.04684pt
* \textwidth=455.24411pt
* \textheight=702.78308pt
* \oddsidemargin=-1.1381pt
* \evensidemargin=-1.1381pt
* \topmargin=-38.1381pt
* \headheight=12.0pt
* \headsep=25.0pt
* \topskip=12.0pt
* \footskip=30.0pt
* \marginparwidth=35.0pt
* \marginparsep=10.0pt
* \columnsep=10.0pt
* \skip\footins=10.8pt plus 4.0pt minus 2.0pt
* \hoffset=0.0pt
* \voffset=0.0pt
* \mag=1000
* \@twocolumnfalse
* \@twosidefalse
* \@mparswitchfalse
* \@reversemarginfalse
* (1in=72.27pt=25.4mm, 1cm=28.453pt)

(/usr/share/texmf-dist/tex/context/base/mkii/supp-pdf.mkii
[Loading MPS to PDF converter (version 2006.09.02).]
\scratchcounter=\count422
\scratchdimen=\dimen367
\scratchbox=\box109
\nofMPsegments=\count423
\nofMParguments=\count424
\everyMPshowfont=\toks69
\MPscratchCnt=\count425
\MPscratchDim=\dimen368
\MPnumerator=\count426
\makeMPintoPDFobject=\count427
\everyMPtoPDFconversion=\toks70
) (/usr/share/texmf-dist/tex/latex/epstopdf-pkg/epstopdf-base.sty
Package: epstopdf-base 2020-01-24 v2.11 Base part for package epstopdf
Package epstopdf-base Info: Redefining graphics rule for `.eps' on input line 485.
 (/usr/share/texmf-dist/tex/latex/latexconfig/epstopdf-sys.cfg
File: epstopdf-sys.cfg 2010/07/13 v1.3 Configuration of (r)epstopdf for TeX Live
))
Package caption Info: Begin \AtBeginDocument code.
Package caption Info: hyperref package is loaded.
Package caption Info: rotating package is loaded.
Package caption Info: wrapfig package is loaded.
Package caption Info: End \AtBeginDocument code.
Package hyperref Info: Link coloring OFF on input line 19.
 (./main.out) (./main.out)
\@outlinefile=\write6
\openout6 = `main.out'.

 (/usr/share/texmf-dist/tex/latex/pdflscape/pdflscape.sty
Package: pdflscape 2025-06-23 v0.14 Display of landscape pages in PDF
 (/usr/share/texmf-dist/tex/latex/pdflscape/pdflscape-nometadata.sty
Package: pdflscape-nometadata 2025-06-23 v0.14 Display of landscape pages in PDF (HO)
 (/usr/share/texmf-dist/tex/latex/graphics/lscape.sty
Package: lscape 2020/05/28 v3.02 Landscape Pages (DPC)
)
Package pdflscape Info: Auto-detected driver: pdftex on input line 81.
))
Package minitoc(hints) Info: I0049
(minitoc(hints))             ==> You requested the hints option. 
(minitoc(hints))             Some hints are eventually given below.
Package minitoc(hints) Info: I0042
(minitoc(hints))             --- The appendix package is loaded. 
(minitoc(hints))             See the minitoc package documentation 
(minitoc(hints))             for specific precautions.
Package translations Info: no dictionary file `translations-basic-dictionary-.trsl' found. on input line 19.
 (./chapitres/00-Page_de_garde.tex
Overfull \vbox (66.66151pt too high) detected at line 61
 []


Overfull \vbox (66.66151pt too high) detected at line 61
 []

File: images/iset.png Graphic file (type png)
<use images/iset.png>
Package pdftex.def Info: images/iset.png  used on input line 61.
(pdftex.def)             Requested size: 85.36148pt x 85.36148pt.

Overfull \vbox (66.66151pt too high) detected at line 61
 []


Overfull \hbox (18.22058pt too wide) in alignment at lines 61--61
[][][][][] 
 []

<images/logo.png, id=417, 1027.84pt x 1027.84pt>
File: images/logo.png Graphic file (type png)
<use images/logo.png>
Package pdftex.def Info: images/logo.png  used on input line 102.
(pdftex.def)             Requested size: 142.24985pt x 142.24985pt.
[1

{/var/lib/texmf/fonts/map/pdftex/updmap/pdftex.map}{/usr/share/texmf-dist/fonts/enc/dvips/base/8r.enc} <./images/iset.png> <./images/logo.png (PNG copy)>]) (./chapitres/01-DEDICACE.tex
LaTeX Font Info:    Calculating math sizes for size <26> on input line 1.
LaTeX Font Info:    External font `cmex10' loaded for size
(Font)              <26> on input line 1.
LaTeX Font Info:    External font `cmex10' loaded for size
(Font)              <18.19992> on input line 1.
LaTeX Font Info:    External font `cmex10' loaded for size
(Font)              <13> on input line 1.

Underfull \hbox (badness 10000) in paragraph at lines 1--1

 []

) (./chapitres/02-REMERCIEMENT.tex [1

]
Underfull \hbox (badness 10000) in paragraph at lines 1--1

 []


Overfull \hbox (0.63113pt too wide) in paragraph at lines 7--12
\T1/ptm/m/n/12 période de recherche intense, combinant revue de littérature exigeante et une réalisation concrète
 []


Overfull \hbox (3.99222pt too wide) in paragraph at lines 7--12
\T1/ptm/m/n/12 Nous exprimons tout d'abord notre profonde gratitude à notre encadreuse, Mme Dalel Bourkhiss,
 []


Overfull \hbox (21.4628pt too wide) in paragraph at lines 7--12
\T1/ptm/m/n/12 précieuse, la disponibilité et l'accompagnement tout au long de nos démarches ont été indispensables
 []


Overfull \hbox (2.32335pt too wide) in paragraph at lines 7--12
\T1/ptm/m/n/12 durant notre étude de terrain. Enfin, que l'ensemble des enseignants et du personnel administratif
 []

) [2

]
Underfull \hbox (badness 10000) in paragraph at lines 31--31

 []

(./main.toc
LaTeX Font Info:    External font `cmex10' loaded for size
(Font)              <12> on input line 7.
LaTeX Font Info:    External font `cmex10' loaded for size
(Font)              <8> on input line 7.
LaTeX Font Info:    External font `cmex10' loaded for size
(Font)              <6> on input line 7.
 [3

]
Overfull \hbox (10.05278pt too wide) in paragraph at lines 53--53
 [][] [][]\T1/ptm/m/n/12 Diagramme de cas d'utilisation ^^S Gérer des commandes d'achat 
 []


Overfull \hbox (7.41206pt too wide) in paragraph at lines 55--55
 [][] [][]\T1/ptm/m/n/12 Diagramme de cas d'utilisation ^^S Gérer les comptes utilisateurs 
 []


Overfull \hbox (10.07602pt too wide) in paragraph at lines 58--58
 [][] [][]\T1/ptm/m/n/12 Diagramme de cas d'utilisation ^^S Gérer les comptes Utilisateurs 
 []

[4]
Overfull \hbox (10.1965pt too wide) in paragraph at lines 82--82
 [][] [][]\T1/ptm/m/n/12 Diagramme d'activité : ^^S Gestion des produits et nomenclatures 
 []

[5])
\tf@toc=\write7
\openout7 = `main.toc'.

 [6]
Underfull \hbox (badness 10000) in paragraph at lines 37--37

 []

(./main.lof
Overfull \hbox (4.7117pt too wide) in paragraph at lines 25--25
 [][] [][]\T1/ptm/m/n/12 Diagramme du cas d'utilisation ^^S Réceptionner une livraison de matière première 
 []

[7

])
\tf@lof=\write8
\openout8 = `main.lof'.

 [8]
Underfull \hbox (badness 10000) in paragraph at lines 45--45

 []

(./main.lot)
\tf@lot=\write9
\openout9 = `main.lot'.

 (./chapitres/03-INTRODUCTIONGENERALE.tex [9

]
Underfull \hbox (badness 10000) in paragraph at lines 1--1

 []


Overfull \hbox (7.76723pt too wide) in paragraph at lines 11--19
[]\T1/ptm/m/n/12 Pour la société Rayhana , le déploiement d'un ERP est un levier de digitalisation indispensable 
 []


Overfull \hbox (7.38715pt too wide) in paragraph at lines 11--19
\T1/ptm/m/n/12 une mission qui semblait importante pour la société, ce qui Nous a poussé à s'investir énormément
 []


Overfull \hbox (4.39844pt too wide) in paragraph at lines 11--19
\T1/ptm/m/n/12 des Acteurs et détail des besoins de l'application Dans le troisième chapitre, nous allons présenter
 []

[10

]) (./chapitres/04-Chapitre1.tex
pdfTeX warning (ext4): destination with the same identifier (name{page.1}) has been already used, duplicate ignored
<to be read again> 
                   \relax 
l.1 \chapter
            {PrÃ©sentation GÃ©nÃ©rale} [1]
Chapter 1.

Underfull \hbox (badness 10000) in paragraph at lines 1--1

 []

\openout3 = `main.mtc'.

\openout3 = `main.mtc'.

LaTeX Font Info:    External font `cmex10' loaded for size
(Font)              <10.95> on input line 4.
(./main.mtc4) [2

{/usr/share/texmf-dist/fonts/enc/dvips/cm-super/cm-super-t1.enc}]
<images/logoEntreprise.jpeg, id=751, 605.26125pt x 843.15pt>
File: images/logoEntreprise.jpeg Graphic file (type jpg)
<use images/logoEntreprise.jpeg>
Package pdftex.def Info: images/logoEntreprise.jpeg  used on input line 19.
(pdftex.def)             Requested size: 142.26411pt x 142.2529pt.

Underfull \hbox (badness 10000) in paragraph at lines 11--23

 []

LaTeX Font Info:    Trying to load font information for TS1+ptm on input line 27.
(/usr/share/texmf-dist/tex/latex/psnfss/ts1ptm.fd
File: ts1ptm.fd 2001/06/04 font definitions for TS1/ptm.
) [3 <./images/logoEntreprise.jpeg>]
<images/organigramme.png, id=756, 770.88pt x 578.16pt>
File: images/organigramme.png Graphic file (type png)
<use images/organigramme.png>
Package pdftex.def Info: images/organigramme.png  used on input line 45.
(pdftex.def)             Requested size: 142.25769pt x 142.26357pt.
 [4 <./images/organigramme.png (PNG copy)>] [5] [6]
Overfull \hbox (8.27444pt too wide) in paragraph at lines 101--102
\T1/ptm/m/n/12 chaque module couvre des besoins complets de gestion. Ce progiciel a remporté rapidement
 []


Overfull \hbox (4.08662pt too wide) in paragraph at lines 102--103
\T1/ptm/m/n/12 Enterprise One ou One World XE ou ERP 8, et vendu par J.D. Edwards puis par Peoplesoft.
 []


Overfull \hbox (0.30676pt too wide) in paragraph at lines 102--103
\T1/ptm/m/n/12 J.D. Edwards a été racheté par People Soft puis par Oracle. Le produit est depuis renommé
 []

[7]
Overfull \hbox (3.09097pt too wide) in paragraph at lines 106--108
\T1/ptm/m/n/12 Ils sont relayés par des partenaires (SSII, Cabinets de Conseil) pour le support. L'implémentation
 []


Overfull \hbox (44.04677pt too wide) in paragraph at lines 110--111
\T1/ptm/m/n/12 intégration avec NuxeoCPS, lui a permis d'être un système de gestion de contenu. L'environnement
 []


Overfull \hbox (25.65086pt too wide) in paragraph at lines 111--112
\T1/ptm/m/n/12 espagnole Auto Arte, son origine est Igalia, et son environnement est GNOME2 développement
 []


Overfull \hbox (10.48256pt too wide) in paragraph at lines 112--113
\T1/ptm/m/n/12 des entrepôts, de production, de comptabilité et de ressources humaines. Son environnement
 []


Underfull \hbox (badness 10000) in paragraph at lines 126--126
[]|\T1/ptm/m/n/12 Élevé (licences, mise en
 []


Underfull \hbox (badness 10000) in paragraph at lines 128--129
[]|\T1/ptm/m/n/12 Modéré (hébergement,
 []


Underfull \hbox (badness 10000) in paragraph at lines 130--131
[]|\T1/ptm/m/n/12 Élevée,, code source
 []


Underfull \hbox (badness 10000) in paragraph at lines 132--132
[]|\T1/ptm/m/n/12 Forte (fournisseur de
 []


Underfull \hbox (badness 10000) in paragraph at lines 133--133
[]|\T1/ptm/m/n/12 Automatiques, gérées par
 []


Underfull \hbox (badness 1824) in paragraph at lines 133--134
[]|\T1/ptm/m/n/12 Manuelles, obligatoires des
 []


Underfull \hbox (badness 2809) in paragraph at lines 135--136
[]|\T1/ptm/m/n/12 Communautaire (ou payant
 []


Underfull \hbox (badness 10000) in paragraph at lines 137--137
[]|\T1/ptm/m/n/12 "Sécurité par l'obscurité"
 []


Underfull \hbox (badness 10000) in paragraph at lines 139--140
[]|\T1/ptm/m/n/12 Entreprises avec besoins
 []


Overfull \hbox (12.81058pt too wide) in paragraph at lines 121--142
 [][] 
 []

[8]
<images/arch_2tier.png, id=778, 770.88pt x 688.82344pt>
File: images/arch_2tier.png Graphic file (type png)
<use images/arch_2tier.png>
Package pdftex.def Info: images/arch_2tier.png  used on input line 157.
(pdftex.def)             Requested size: 227.61935pt x 199.16508pt.

Overfull \hbox (0.95401pt too wide) in paragraph at lines 162--164
\T1/ptm/m/n/12 architecture et de leurs fonctions attachées met en évidence certains points essentiels sur lesquels
 []

[9 <./images/arch_2tier.png>]
<images/cycle_en_v.png, id=785, 697.6464pt x 420.6114pt>
File: images/cycle_en_v.png Graphic file (type png)
<use images/cycle_en_v.png>
Package pdftex.def Info: images/cycle_en_v.png  used on input line 194.
(pdftex.def)             Requested size: 426.79852pt x 284.53583pt.

Overfull \hbox (11.65929pt too wide) in paragraph at lines 176--198
\T1/ptm/m/n/12 exprimés, et la vérification du processus de développement, c'est-à-dire l'adéquation des méthodes
 []

[10]) (./chapitres/05-Chapitre2.tex [11 <./images/cycle_en_v.png (PNG copy)>]
Chapter 2.

Underfull \hbox (badness 10000) in paragraph at lines 1--1

 []

\openout3 = `main.mtc'.

\openout3 = `main.mtc'.

(./main.mtc5) [12

]
Overfull \hbox (5.50179pt too wide) in paragraph at lines 9--12
\T1/ptm/m/n/12 Un système ERP (Entreprise Resource Planning) est une solution informatique (logiciel/matériel)
 []


Overfull \hbox (43.6127pt too wide) in paragraph at lines 17--18
[]\T1/ptm/m/n/12 Adaptation difficile aux processus métiers: Certains ERP imposent leur logique de fonctionnement,
 []

[13]
<images/logo.jpg, id=815, 301.125pt x 301.125pt>
File: images/logo.jpg Graphic file (type jpg)
<use images/logo.jpg>
Package pdftex.def Info: images/logo.jpg  used on input line 32.
(pdftex.def)             Requested size: 142.26852pt x 142.26852pt.

Overfull \hbox (2.79134pt too wide) in paragraph at lines 25--34
\T1/ptm/m/n/12 Nous voulons développer une solution ERP (application cross-platform) en faveur de l'entreprise
 []


Overfull \hbox (19.6623pt too wide) in paragraph at lines 25--34
\T1/ptm/m/n/12 spécifiques et processus métier internes de l'entreprise, cout raisonnable et la possibilité d'expansion
 []

[14 <./images/logo.jpg>]
Overfull \hbox (3.51057pt too wide) in paragraph at lines 38--40
\T1/ptm/m/n/12 être opérationnel et répondre aux attentes des utilisateurs. Le système à concevoir devra satisfaire
 []


Overfull \hbox (5.31012pt too wide) in paragraph at lines 43--44
[]\T1/ptm/m/n/12 Le Visiteur doit pouvoir rechercher des véhicules selon différents critères (marque, modèle,
 []


Overfull \hbox (3.10193pt too wide) in paragraph at lines 50--51
[]\T1/ptm/m/n/12 Une messagerie intégrée doit permettre au client de discuter directement avec les vendeurs. 
 []

[15] [16]
<images/Acteurs.png, id=829, 675.52374pt x 194.7275pt>
File: images/Acteurs.png Graphic file (type png)
<use images/Acteurs.png>
Package pdftex.def Info: images/Acteurs.png  used on input line 103.
(pdftex.def)             Requested size: 341.44087pt x 113.80963pt.
 [17 <./images/Acteurs.png>]
<images/general_usecase.png, id=835, 561.09625pt x 780.9175pt>
File: images/general_usecase.png Graphic file (type png)
<use images/general_usecase.png>
Package pdftex.def Info: images/general_usecase.png  used on input line 135.
(pdftex.def)             Requested size: 369.87946pt x 426.78914pt.

Overfull \hbox (7.65118pt too wide) in paragraph at lines 125--137
\T1/ptm/m/n/12 correspond un certain nombre de cas d'utilisation du système. L'ensemble de ces cas se représente
 []

) [18 <./images/general_usecase.png>] (./chapitres/06-Chapitre3.tex [19]
Chapter 3.

Underfull \hbox (badness 10000) in paragraph at lines 1--1

 []

\openout3 = `main.mtc'.

\openout3 = `main.mtc'.

(./main.mtc6) [20

]
Overfull \hbox (4.91496pt too wide) in paragraph at lines 9--12
\T1/ptm/m/n/12 Pour traduire ces exigences en architecture structurée, nous utiliserons le langage de modélisation
 []


Overfull \hbox (5.035pt too wide) in paragraph at lines 15--17
\T1/ptm/m/n/12 ensemble standard de notions graphiques pour créer des modèles Abstraits de systèmes Logiciels.
 []


Overfull \hbox (2.32213pt too wide) in paragraph at lines 15--17
\T1/ptm/m/n/12 notations et de diagrammes (comme les cas d'utilisation ou les diagrammes de classe) permettant
 []

[21]
Overfull \hbox (25.04915pt too wide) in paragraph at lines 23--24
[]\T1/ptm/m/n/12 Responsable Achat : gère les ordres d'achat de matières Premières et le référentiel fournisseurs. 
 []


Overfull \hbox (6.98892pt too wide) in alignment at lines 34--39
 [] [] [] 
 []


Overfull \hbox (23.78076pt too wide) in paragraph at lines 59--59
\T1/ptm/m/n/12 (Réapprovisionnement 
 []


Overfull \hbox (11.12085pt too wide) in paragraph at lines 63--63
\T1/ptm/m/n/12 approvisionnements 
 []


Overfull \hbox (6.98892pt too wide) in alignment at lines 39--91
 [] [] [] 
 []

[22]
ignored: Infinite glue shrinkage found in box being split [23]
ignored: Infinite glue shrinkage found in box being split [24]
ignored: Infinite glue shrinkage found in box being split [25]
File: images/general_usecase.png Graphic file (type png)
<use images/general_usecase.png>
Package pdftex.def Info: images/general_usecase.png  used on input line 102.
(pdftex.def)             Requested size: 369.87946pt x 341.43608pt.
 [26]
Underfull \hbox (badness 5711) in paragraph at lines 106--106
 \T1/ptm/m/n/12 Ces diagrammes détaillent les fonctionnalités du système en se manifestant du
 []


Underfull \hbox (badness 1168) in paragraph at lines 109--109
\T1/ptm/m/n/12 Production et Vente, Magasinier ,.....), il constitue le premier rempart garantissant la
 []

[27]
<images/sauthentifier.png, id=891, 989.6975pt x 707.64375pt>
File: images/sauthentifier.png Graphic file (type png)
<use images/sauthentifier.png>
Package pdftex.def Info: images/sauthentifier.png  used on input line 117.
(pdftex.def)             Requested size: 369.88222pt x 341.43597pt.

Underfull \hbox (badness 1231) in paragraph at lines 131--132
\T1/ptm/m/n/12 Vente, Responsable des achats, Responsable de production)
 []


Underfull \hbox (badness 2409) in paragraph at lines 149--150
[]\T1/ptm/m/n/12 L'utilisateur peut réessayer ou utiliser Mot de passe
 []


Overfull \hbox (11.2429pt too wide) in paragraph at lines 126--156
 [][] 
 []


Underfull \hbox (badness 1033) in paragraph at lines 121--159
[]\T1/ptm/b/n/12 Tableau descriptif :\T1/ptm/m/n/12 Dans le tableau ci-dessous, nous allons décrire les détails du cas
 []

<images/gerer_achat.png, id=892, 966.61125pt x 798.985pt>
File: images/gerer_achat.png Graphic file (type png)
<use images/gerer_achat.png>
Package pdftex.def Info: images/gerer_achat.png  used on input line 169.
(pdftex.def)             Requested size: 369.88248pt x 227.61555pt.

Overfull \hbox (39.69566pt too wide) in paragraph at lines 178--208
 [][] 
 []

[28 <./images/sauthentifier.png>] [29]
<images/suivre_stock.png, id=903, 968.61874pt x 798.985pt>
File: images/suivre_stock.png Graphic file (type png)
<use images/suivre_stock.png>
Package pdftex.def Info: images/suivre_stock.png  used on input line 225.
(pdftex.def)             Requested size: 369.8821pt x 227.61555pt.

Underfull \hbox (badness 1442) in paragraph at lines 214--227
[]\T1/ptm/m/n/12 Pour garantir une précision absolue, ce cas d'utilisation inclut exclusivement (via les
 []

[30 <./images/gerer_achat.png>] [31]
Underfull \hbox (badness 2165) in paragraph at lines 252--253
[]\T1/ptm/m/n/12 Le système affiche les quantités disponibles, les quantités
 []


Overfull \hbox (39.69566pt too wide) in paragraph at lines 233--265
 [][] 
 []


Underfull \hbox (badness 2277) in paragraph at lines 270--270
\T1/ptm/m/n/12 Ce diagramme met en évidence trois cas d'utilisation principaux : la planification,
 []


Underfull \hbox (badness 1616) in paragraph at lines 270--270
\T1/ptm/m/n/12 et quantités nécessaires, pour calculer précisément les besoins en matières premières.
 []

[32 <./images/suivre_stock.png>] [33]
<images/gerer_production.png, id=923, 1151.30125pt x 798.985pt>
File: images/gerer_production.png Graphic file (type png)
<use images/gerer_production.png>
Package pdftex.def Info: images/gerer_production.png  used on input line 278.
(pdftex.def)             Requested size: 284.52193pt x 170.71776pt.

Underfull \hbox (badness 1694) in paragraph at lines 315--316
[]\T1/ptm/m/n/12 Matières premières insuffisantes : Le système affiche une
 []


Overfull \hbox (39.69566pt too wide) in paragraph at lines 286--320
 [][] 
 []

File: images/gerer_achat.png Graphic file (type png)
<use images/gerer_achat.png>
Package pdftex.def Info: images/gerer_achat.png  used on input line 333.
(pdftex.def)             Requested size: 341.4311pt x 170.71776pt.
[34 <./images/gerer_production.png>] [35]
Overfull \hbox (39.69566pt too wide) in paragraph at lines 342--372
 [][] 
 []

<images/gerer_fournisseurs.png, id=933, 1240.635pt x 818.05624pt>
File: images/gerer_fournisseurs.png Graphic file (type png)
<use images/gerer_fournisseurs.png>
Package pdftex.def Info: images/gerer_fournisseurs.png  used on input line 385.
(pdftex.def)             Requested size: 341.43124pt x 170.71089pt.
[36] [37]
Overfull \hbox (39.69566pt too wide) in paragraph at lines 395--428
 [][] 
 []

<images/gereutilisateurs.png, id=942, 1004.75375pt x 657.45625pt>
File: images/gereutilisateurs.png Graphic file (type png)
<use images/gereutilisateurs.png>
Package pdftex.def Info: images/gereutilisateurs.png  used on input line 441.
(pdftex.def)             Requested size: 341.42778pt x 170.71388pt.
[38 <./images/gerer_fournisseurs.png>] [39]
Overfull \hbox (39.69566pt too wide) in paragraph at lines 451--484
 [][] 
 []

<images/receptionnerlivraison.png, id=953, 1326.9575pt x 919.435pt>
File: images/receptionnerlivraison.png Graphic file (type png)
<use images/receptionnerlivraison.png>
Package pdftex.def Info: images/receptionnerlivraison.png  used on input line 497.
(pdftex.def)             Requested size: 341.43721pt x 170.7101pt.
[40 <./images/gereutilisateurs.png>] [41]
Underfull \hbox (badness 1048) in paragraph at lines 536--536
\T1/ptm/m/n/12 Le système affiche un avertissement et demande confirmation au
 []


Overfull \hbox (39.69566pt too wide) in paragraph at lines 506--542
 [][] 
 []

[42 <./images/receptionnerlivraison.png>] [43]
<images/gererbom.png, id=972, 986.68625pt x 667.49374pt>
File: images/gererbom.png Graphic file (type png)
<use images/gererbom.png>
Package pdftex.def Info: images/gererbom.png  used on input line 556.
(pdftex.def)             Requested size: 341.43091pt x 170.71281pt.

Underfull \hbox (badness 1253) in paragraph at lines 575--576
[]|\T1/ptm/m/n/12 Le référentiel des produits et des nomenclatures est mis à jour.
 []


Underfull \hbox (badness 3471) in paragraph at lines 575--576
\T1/ptm/m/n/12 Les ordres de production futurs utiliseront automatiquement la
 []


Underfull \hbox (badness 3439) in paragraph at lines 581--581
[]\T1/ptm/m/n/12 - Modifier : L'utilisateur sélectionne un produit, modifie ses
 []


Overfull \hbox (39.69566pt too wide) in paragraph at lines 564--594
 [][] 
 []

File: images/gereutilisateurs.png Graphic file (type png)
<use images/gereutilisateurs.png>
Package pdftex.def Info: images/gereutilisateurs.png  used on input line 607.
(pdftex.def)             Requested size: 341.42778pt x 170.71388pt.
[44 <./images/gererbom.png>] [45]
Underfull \hbox (badness 3579) in paragraph at lines 641--641
[]\T1/ptm/m/n/12 - Tentative de suppression du dernier compte administrateur :
 []


Underfull \hbox (badness 1721) in paragraph at lines 641--641
\T1/ptm/m/n/12 Le système bloque l'opération pour éviter de perdre tout accès
 []


Overfull \hbox (39.69566pt too wide) in paragraph at lines 615--646
 [][] 
 []

<images/visualiser_dashboard.png, id=983, 942.52126pt x 798.985pt>
File: images/visualiser_dashboard.png Graphic file (type png)
<use images/visualiser_dashboard.png>
Package pdftex.def Info: images/visualiser_dashboard.png  used on input line 659.
(pdftex.def)             Requested size: 341.43588pt x 170.71776pt.
[46] [47]
Underfull \hbox (badness 1715) in paragraph at lines 673--674
[]|\T1/ptm/m/n/12 Permettre au PDG de consulter un tableau de bord synthétique
 []


Underfull \hbox (badness 1742) in paragraph at lines 683--683
[]\T1/ptm/m/n/12 - Le système redirige automatiquement vers le tableau de bord
 []


Overfull \hbox (39.69566pt too wide) in paragraph at lines 667--697
 [][] 
 []

[48 <./images/visualiser_dashboard.png>] [49]
<images/class.png, id=1001, 1442.38875pt x 1566.85374pt>
File: images/class.png Graphic file (type png)
<use images/class.png>
Package pdftex.def Info: images/class.png  used on input line 714.
(pdftex.def)             Requested size: 369.88412pt x 398.33505pt.

Underfull \hbox (badness 10000) in paragraph at lines 720--720
\T1/ptm/m/n/12 offrant une vision dynamique et chronologique des interactions au sein de
 []


Underfull \hbox (badness 1281) in paragraph at lines 721--721
\T1/ptm/m/n/12 les acteurs collaborent par étape pour exécuter un cas d'utilisation spécifique. Cette
 []


Underfull \hbox (badness 1406) in paragraph at lines 722--722
\T1/ptm/m/n/12 détaillée pour les développeurs, garantissant ainsi la cohérence comportementale et la
 []

[50] [51 <./images/class.png>]
Underfull \hbox (badness 1454) in paragraph at lines 724--724
\T1/ptm/m/n/12 Le diagramme de séquence d'authentification constitue le pilier central de la sécurité
 []

[52]
<images/seq_creercommandeachat.png, id=1017, 1357.07pt x 935.495pt>
File: images/seq_creercommandeachat.png Graphic file (type png)
<use images/seq_creercommandeachat.png>
Package pdftex.def Info: images/seq_creercommandeachat.png  used on input line 739.
(pdftex.def)             Requested size: 426.77527pt x 455.2419pt.
 [53 <./images/seq_creercommandeachat.png>]
<images/seq_gererfournisseurs.png, id=1023, 1357.07pt x 1030.85126pt>
File: images/seq_gererfournisseurs.png Graphic file (type png)
<use images/seq_gererfournisseurs.png>
Package pdftex.def Info: images/seq_gererfournisseurs.png  used on input line 750.
(pdftex.def)             Requested size: 426.77527pt x 341.42459pt.
 [54 <./images/seq_gererfournisseurs.png>]
<images/seq_lancerordreachat.png, id=1029, 1357.07pt x 1236.62pt>
File: images/seq_lancerordreachat.png Graphic file (type png)
<use images/seq_lancerordreachat.png>
Package pdftex.def Info: images/seq_lancerordreachat.png  used on input line 761.
(pdftex.def)             Requested size: 426.77527pt x 284.52983pt.

Underfull \hbox (badness 1194) in paragraph at lines 766--767
\T1/ptm/m/n/12 Ce diagramme de séquence décrit le processus de suivi de l'état du stock piloté par
 []

[55 <./images/seq_lancerordreachat.png>]
<images/seq_suivrestock.png, id=1035, 1357.07pt x 930.47626pt>
File: images/seq_suivrestock.png Graphic file (type png)
<use images/seq_suivrestock.png>
Package pdftex.def Info: images/seq_suivrestock.png  used on input line 776.
(pdftex.def)             Requested size: 426.77527pt x 284.52603pt.

Underfull \hbox (badness 10000) in paragraph at lines 781--784

 []

[56 <./images/seq_suivrestock.png>]
<images/seq_gererproduction.png, id=1042, 1367.1075pt x 1487.5575pt>
File: images/seq_gererproduction.png Graphic file (type png)
<use images/seq_gererproduction.png>
Package pdftex.def Info: images/seq_gererproduction.png  used on input line 794.
(pdftex.def)             Requested size: 426.78198pt x 284.52281pt.
 [57 <./images/seq_gererproduction.png>]
Underfull \hbox (badness 2856) in paragraph at lines 806--806
\T1/ptm/m/n/12 La procédure se termine systématiquement par une synchronisation avec le Module
 []

<images/seq_gererproduitsetbom.png, id=1048, 1367.1075pt x 1033.8625pt>
File: images/seq_gererproduitsetbom.png Graphic file (type png)
<use images/seq_gererproduitsetbom.png>
Package pdftex.def Info: images/seq_gererproduitsetbom.png  used on input line 814.
(pdftex.def)             Requested size: 426.78198pt x 284.52603pt.
[58 <./images/seq_gererproduitsetbom.png>]
<images/seq_gererutilisateurs.png, id=1054, 1357.07pt x 1171.37625pt>
File: images/seq_gererutilisateurs.png Graphic file (type png)
<use images/seq_gererutilisateurs.png>
Package pdftex.def Info: images/seq_gererutilisateurs.png  used on input line 835.
(pdftex.def)             Requested size: 426.77527pt x 284.53206pt.
 [59 <./images/seq_gererutilisateurs.png>]
<images/seq_receptionlivraison.png, id=1060, 1367.1075pt x 1271.75125pt>
File: images/seq_receptionlivraison.png Graphic file (type png)
<use images/seq_receptionlivraison.png>
Package pdftex.def Info: images/seq_receptionlivraison.png  used on input line 849.
(pdftex.def)             Requested size: 426.78198pt x 284.52104pt.
 [60 <./images/seq_receptionlivraison.png>]
<images/seq_sauthentifier.png, id=1066, 1357.07pt x 1010.77625pt>
File: images/seq_sauthentifier.png Graphic file (type png)
<use images/seq_sauthentifier.png>
Package pdftex.def Info: images/seq_sauthentifier.png  used on input line 863.
(pdftex.def)             Requested size: 426.77527pt x 284.52689pt.
 [61 <./images/seq_sauthentifier.png>]
<images/seq_visualiserdashboard.png, id=1072, 1357.07pt x 905.3825pt>
File: images/seq_visualiserdashboard.png Graphic file (type png)
<use images/seq_visualiserdashboard.png>
Package pdftex.def Info: images/seq_visualiserdashboard.png  used on input line 877.
(pdftex.def)             Requested size: 426.77527pt x 284.52007pt.
 [62 <./images/seq_visualiserdashboard.png>]
<images/workflow_creercommandeachat.png, id=1079, 524.96124pt x 794.97pt>
File: images/workflow_creercommandeachat.png Graphic file (type png)
<use images/workflow_creercommandeachat.png>
Package pdftex.def Info: images/workflow_creercommandeachat.png  used on input line 896.
(pdftex.def)             Requested size: 284.5322pt x 369.89984pt.
 [63]
<images/workflow_creerordreachat.png, id=1084, 534.99875pt x 682.55pt>
File: images/workflow_creerordreachat.png Graphic file (type png)
<use images/workflow_creerordreachat.png>
Package pdftex.def Info: images/workflow_creerordreachat.png  used on input line 908.
(pdftex.def)             Requested size: 284.53575pt x 369.8942pt.
 [64 <./images/workflow_creercommandeachat.png>] [65 <./images/workflow_creerordreachat.png>]
<images/workflow_gererfournisseurs.png, id=1095, 826.08624pt x 602.25pt>
File: images/workflow_gererfournisseurs.png Graphic file (type png)
<use images/workflow_gererfournisseurs.png>
Package pdftex.def Info: images/workflow_gererfournisseurs.png  used on input line 927.
(pdftex.def)             Requested size: 284.53366pt x 369.8991pt.
 [66 <./images/workflow_gererfournisseurs.png>]
<images/workflow_gererproduction.png, id=1101, 511.9125pt x 764.8575pt>
File: images/workflow_gererproduction.png Graphic file (type png)
<use images/workflow_gererproduction.png>
Package pdftex.def Info: images/workflow_gererproduction.png  used on input line 941.
(pdftex.def)             Requested size: 284.5288pt x 369.88173pt.
 [67 <./images/workflow_gererproduction.png>]
<images/workflow_gererproduitsetbom.png, id=1107, 926.46124pt x 602.25pt>
File: images/workflow_gererproduitsetbom.png Graphic file (type png)
<use images/workflow_gererproduitsetbom.png>
Package pdftex.def Info: images/workflow_gererproduitsetbom.png  used on input line 959.
(pdftex.def)             Requested size: 284.52818pt x 369.8991pt.
 [68]
<images/workflow_receptionlivraison.png, id=1113, 524.96124pt x 764.8575pt>
File: images/workflow_receptionlivraison.png Graphic file (type png)
<use images/workflow_receptionlivraison.png>
Package pdftex.def Info: images/workflow_receptionlivraison.png  used on input line 972.
(pdftex.def)             Requested size: 284.5322pt x 369.88173pt.
 [69 <./images/workflow_gererproduitsetbom.png>]
Underfull \hbox (badness 3068) in paragraph at lines 976--979
\T1/ptm/m/n/12 Ce diagramme d'activité retrace le protocole de sécurisation des accès au sein de
 []

[70 <./images/workflow_receptionlivraison.png>]
<images/workflow_sauthentifier.png, id=1125, 563.10374pt x 805.0075pt>
File: images/workflow_sauthentifier.png Graphic file (type png)
<use images/workflow_sauthentifier.png>
Package pdftex.def Info: images/workflow_sauthentifier.png  used on input line 989.
(pdftex.def)             Requested size: 284.5241pt x 369.87804pt.
File: images/workflow_creerordreachat.png Graphic file (type png)
<use images/workflow_creerordreachat.png>
Package pdftex.def Info: images/workflow_creerordreachat.png  used on input line 1001.
(pdftex.def)             Requested size: 284.53575pt x 369.8942pt.
 [71 <./images/workflow_sauthentifier.png>]
File: images/workflow_creercommandeachat.png Graphic file (type png)
<use images/workflow_creercommandeachat.png>
Package pdftex.def Info: images/workflow_creercommandeachat.png  used on input line 1014.
(pdftex.def)             Requested size: 284.5322pt x 369.89984pt.
 [72]
File: images/workflow_creerordreachat.png Graphic file (type png)
<use images/workflow_creerordreachat.png>
Package pdftex.def Info: images/workflow_creerordreachat.png  used on input line 1026.
(pdftex.def)             Requested size: 284.53575pt x 369.8942pt.
 [73]
File: images/workflow_creercommandeachat.png Graphic file (type png)
<use images/workflow_creercommandeachat.png>
Package pdftex.def Info: images/workflow_creercommandeachat.png  used on input line 1039.
(pdftex.def)             Requested size: 284.5322pt x 369.89984pt.
 [74]
File: images/workflow_creerordreachat.png Graphic file (type png)
<use images/workflow_creerordreachat.png>
Package pdftex.def Info: images/workflow_creerordreachat.png  used on input line 1051.
(pdftex.def)             Requested size: 284.53575pt x 369.8942pt.
 [75]) (./chapitres/07-Chapitre4.tex [76]
Chapter 4.

Underfull \hbox (badness 10000) in paragraph at lines 1--1

 []

\openout3 = `main.mtc'.

\openout3 = `main.mtc'.

(./main.mtc7) [77

]
File: images/logo.png Graphic file (type png)
<use images/logo.png>
Package pdftex.def Info: images/logo.png  used on input line 39.
(pdftex.def)             Requested size: 369.88097pt x 113.79987pt.
 [78]
File: images/logo.png Graphic file (type png)
<use images/logo.png>
Package pdftex.def Info: images/logo.png  used on input line 50.
(pdftex.def)             Requested size: 369.88097pt x 113.79987pt.
<images/vscode.png, id=1171, 770.88pt x 433.62pt>
File: images/vscode.png Graphic file (type png)
<use images/vscode.png>
Package pdftex.def Info: images/vscode.png  used on input line 67.
(pdftex.def)             Requested size: 170.71158pt x 170.71892pt.
 [79]
<images/overleaf_logo.png, id=1176, 150.5625pt x 176.91093pt>
File: images/overleaf_logo.png Graphic file (type png)
<use images/overleaf_logo.png>
Package pdftex.def Info: images/overleaf_logo.png  used on input line 80.
(pdftex.def)             Requested size: 128.04993pt x 142.26587pt.
<images/git.png, id=1177, 1927.2pt x 1084.05pt>
File: images/git.png Graphic file (type png)
<use images/git.png>
Package pdftex.def Info: images/git.png  used on input line 101.
(pdftex.def)             Requested size: 170.70569pt x 113.80379pt.
 [80 <./images/vscode.png (PNG copy)> <./images/overleaf_logo.png>]
File: images/logo.png Graphic file (type png)
<use images/logo.png>
Package pdftex.def Info: images/logo.png  used on input line 112.
(pdftex.def)             Requested size: 170.7155pt x 170.7155pt.
File: images/logo.png Graphic file (type png)
<use images/logo.png>
Package pdftex.def Info: images/logo.png  used on input line 129.
(pdftex.def)             Requested size: 341.431pt x 113.79987pt.
 [81 <./images/git.png>]
<images/dart.jpg, id=1189, 1371.1225pt x 770.88pt>
File: images/dart.jpg Graphic file (type jpg)
<use images/dart.jpg>
Package pdftex.def Info: images/dart.jpg  used on input line 149.
(pdftex.def)             Requested size: 199.15288pt x 85.3499pt.
<images/flutter.png, id=1190, 602.25pt x 338.26375pt>
File: images/flutter.png Graphic file (type png)
<use images/flutter.png>
Package pdftex.def Info: images/flutter.png  used on input line 165.
(pdftex.def)             Requested size: 369.8991pt x 113.81068pt.
 [82 <./images/dart.jpg>]
File: images/logo.png Graphic file (type png)
<use images/logo.png>
Package pdftex.def Info: images/logo.png  used on input line 179.
(pdftex.def)             Requested size: 341.431pt x 170.7155pt.
File: images/logo.png Graphic file (type png)
<use images/logo.png>
Package pdftex.def Info: images/logo.png  used on input line 192.
(pdftex.def)             Requested size: 204.85846pt x 204.8586pt.
File: images/logo.png Graphic file (type png)
<use images/logo.png>
Package pdftex.def Info: images/logo.png  used on input line 199.
(pdftex.def)             Requested size: 204.85846pt x 204.8586pt.
 [83 <./images/flutter.png>]
File: images/logo.png Graphic file (type png)
<use images/logo.png>
Package pdftex.def Info: images/logo.png  used on input line 210.
(pdftex.def)             Requested size: 199.16547pt x 426.79659pt.
 [84]
File: images/logo.png Graphic file (type png)
<use images/logo.png>
Package pdftex.def Info: images/logo.png  used on input line 223.
(pdftex.def)             Requested size: 204.85846pt x 204.8586pt.
File: images/logo.png Graphic file (type png)
<use images/logo.png>
Package pdftex.def Info: images/logo.png  used on input line 230.
(pdftex.def)             Requested size: 204.85846pt x 204.8586pt.
 [85]
File: images/logo.png Graphic file (type png)
<use images/logo.png>
Package pdftex.def Info: images/logo.png  used on input line 245.
(pdftex.def)             Requested size: 199.16547pt x 426.79659pt.

Underfull \hbox (badness 1077) in paragraph at lines 236--247
\T1/ptm/m/n/12 La figure 4.15 présente l'interface d'inscription où l'utilisateur soit qu'il est client ou
 []

[86]
File: images/logo.png Graphic file (type png)
<use images/logo.png>
Package pdftex.def Info: images/logo.png  used on input line 256.
(pdftex.def)             Requested size: 199.16547pt x 455.24655pt.
) [87] (./chapitres/08-ConclusionGenerale.tex [88]
Underfull \hbox (badness 10000) in paragraph at lines 1--1

 []


Underfull \hbox (badness 3815) in paragraph at lines 9--10
[]\T1/ptm/m/n/12 Avant de commencer ce projet, nous n'avions pas d'expérience en développement
 []


Underfull \hbox (badness 1242) in paragraph at lines 13--14
[]\T1/ptm/m/n/12 Ce projet nous a permis d'en apprendre davantage sur le domaine du développement
 []

) (./chapitres/09-NETOGRAPHIE.tex [89

]
Underfull \hbox (badness 10000) in paragraph at lines 4--4

 []

) (./chapitres/10-Verso_du_rapport.tex [90

]
Underfull \hbox (badness 10000) in paragraph at lines 31--32

 []


Underfull \hbox (badness 10000) in paragraph at lines 42--43

 []

)
Package minitoc Info: I0009
(minitoc)             Listing minitoc auxiliary files. 
(minitoc)             Creating the main.maf file.
\openout3 = `main.maf'.

Package minitoc(hints) Info: I0053
(minitoc(hints))             You have loaded the float package; 
(minitoc(hints))             please be aware that the minitoc package 
(minitoc(hints))             facilities can not be used for new types 
(minitoc(hints))             of floats defined by the float package.
 [91]
runsystem(latexminted cleantemp  --timestamp 20260518210402 FAD58DE7366495DB4650CFEFAC2FCD61)...executed safely (allowed).

 (./main.aux)
 ***********
LaTeX2e <2025-11-01>
L3 programming layer <2026-01-19>
 ***********
Package rerunfilecheck Info: File `main.out' has not changed.
(rerunfilecheck)             Checksum: 2B92DB7BEDFF5F9912733F25801640AC;25710.
 ) 
Here is how much of TeX's memory you used:
 41501 strings out of 469515
 872248 string characters out of 5470808
 1408969 words of memory out of 5000000
 69178 multiletter control sequences out of 15000+600000
 714297 words of font info for 115 fonts, out of 8000000 for 9000
 14 hyphenation exceptions out of 8191
 113i,14n,122p,1334b,1292s stack positions out of 10000i,1000n,20000p,200000b,200000s
</usr/share/texmf-dist/fonts/type1/public/amsfonts/cm/cmsy10.pfb></usr/share/texmf-dist/fonts/type1/public/cm-super/sfbx1095.pfb></usr/share/texmf-dist/fonts/type1/public/cm-super/sfbx1440.pfb></usr/share/texmf-dist/fonts/type1/public/cm-super/sfrm1095.pfb></usr/share/texmf-dist/fonts/type1/urw/times/utmb8a.pfb></usr/share/texmf-dist/fonts/type1/urw/times/utmbi8a.pfb></usr/share/texmf-dist/fonts/type1/urw/times/utmr8a.pfb></usr/share/texmf-dist/fonts/type1/urw/times/utmri8a.pfb>
Output written on main.pdf (102 pages, 5404325 bytes).
PDF statistics:
 1347 PDF objects out of 1440 (max. 8388607)
 1141 compressed objects within 12 object streams
 287 named destinations out of 1000 (max. 500000)
 1034 words of extra memory for PDF output out of 10000 (max. 10000000)

